Archive member included to satisfy reference by file (symbol)

c:/st/stm32cubeide_1.1.0/stm32cubeide/plugins/com.st.stm32cube.ide.mcu.externaltools.gnu-tools-for-stm32.7-2018-q2-update.win32_1.0.0.201904181610/tools/bin/../lib/gcc/arm-none-eabi/7.3.1/../../../../arm-none-eabi/lib/thumb/v7e-m/fpv4-sp/hard\libc_nano.a(lib_a-errno.o)
                              Src/syscalls.o (__errno)
c:/st/stm32cubeide_1.1.0/stm32cubeide/plugins/com.st.stm32cube.ide.mcu.externaltools.gnu-tools-for-stm32.7-2018-q2-update.win32_1.0.0.201904181610/tools/bin/../lib/gcc/arm-none-eabi/7.3.1/../../../../arm-none-eabi/lib/thumb/v7e-m/fpv4-sp/hard\libc_nano.a(lib_a-exit.o)
                              c:/st/stm32cubeide_1.1.0/stm32cubeide/plugins/com.st.stm32cube.ide.mcu.externaltools.gnu-tools-for-stm32.7-2018-q2-update.win32_1.0.0.201904181610/tools/bin/../lib/gcc/arm-none-eabi/7.3.1/../../../../arm-none-eabi/lib/thumb/v7e-m/fpv4-sp/hard/crt0.o (exit)
c:/st/stm32cubeide_1.1.0/stm32cubeide/plugins/com.st.stm32cube.ide.mcu.externaltools.gnu-tools-for-stm32.7-2018-q2-update.win32_1.0.0.201904181610/tools/bin/../lib/gcc/arm-none-eabi/7.3.1/../../../../arm-none-eabi/lib/thumb/v7e-m/fpv4-sp/hard\libc_nano.a(lib_a-impure.o)
                              c:/st/stm32cubeide_1.1.0/stm32cubeide/plugins/com.st.stm32cube.ide.mcu.externaltools.gnu-tools-for-stm32.7-2018-q2-update.win32_1.0.0.201904181610/tools/bin/../lib/gcc/arm-none-eabi/7.3.1/../../../../arm-none-eabi/lib/thumb/v7e-m/fpv4-sp/hard\libc_nano.a(lib_a-exit.o) (_global_impure_ptr)
c:/st/stm32cubeide_1.1.0/stm32cubeide/plugins/com.st.stm32cube.ide.mcu.externaltools.gnu-tools-for-stm32.7-2018-q2-update.win32_1.0.0.201904181610/tools/bin/../lib/gcc/arm-none-eabi/7.3.1/../../../../arm-none-eabi/lib/thumb/v7e-m/fpv4-sp/hard\libc_nano.a(lib_a-init.o)
                              c:/st/stm32cubeide_1.1.0/stm32cubeide/plugins/com.st.stm32cube.ide.mcu.externaltools.gnu-tools-for-stm32.7-2018-q2-update.win32_1.0.0.201904181610/tools/bin/../lib/gcc/arm-none-eabi/7.3.1/../../../../arm-none-eabi/lib/thumb/v7e-m/fpv4-sp/hard/crt0.o (__libc_init_array)
c:/st/stm32cubeide_1.1.0/stm32cubeide/plugins/com.st.stm32cube.ide.mcu.externaltools.gnu-tools-for-stm32.7-2018-q2-update.win32_1.0.0.201904181610/tools/bin/../lib/gcc/arm-none-eabi/7.3.1/../../../../arm-none-eabi/lib/thumb/v7e-m/fpv4-sp/hard\libc_nano.a(lib_a-memset.o)
                              c:/st/stm32cubeide_1.1.0/stm32cubeide/plugins/com.st.stm32cube.ide.mcu.externaltools.gnu-tools-for-stm32.7-2018-q2-update.win32_1.0.0.201904181610/tools/bin/../lib/gcc/arm-none-eabi/7.3.1/../../../../arm-none-eabi/lib/thumb/v7e-m/fpv4-sp/hard/crt0.o (memset)
c:/st/stm32cubeide_1.1.0/stm32cubeide/plugins/com.st.stm32cube.ide.mcu.externaltools.gnu-tools-for-stm32.7-2018-q2-update.win32_1.0.0.201904181610/tools/bin/../lib/gcc/arm-none-eabi/7.3.1/../../../../arm-none-eabi/lib/thumb/v7e-m/fpv4-sp/hard\libc_nano.a(lib_a-nano-vfprintf_float.o)
                              (_printf_float)
c:/st/stm32cubeide_1.1.0/stm32cubeide/plugins/com.st.stm32cube.ide.mcu.externaltools.gnu-tools-for-stm32.7-2018-q2-update.win32_1.0.0.201904181610/tools/bin/../lib/gcc/arm-none-eabi/7.3.1/../../../../arm-none-eabi/lib/thumb/v7e-m/fpv4-sp/hard\libc_nano.a(lib_a-nano-vfprintf_i.o)
                              c:/st/stm32cubeide_1.1.0/stm32cubeide/plugins/com.st.stm32cube.ide.mcu.externaltools.gnu-tools-for-stm32.7-2018-q2-update.win32_1.0.0.201904181610/tools/bin/../lib/gcc/arm-none-eabi/7.3.1/../../../../arm-none-eabi/lib/thumb/v7e-m/fpv4-sp/hard\libc_nano.a(lib_a-nano-vfprintf_float.o) (_printf_common)
c:/st/stm32cubeide_1.1.0/stm32cubeide/plugins/com.st.stm32cube.ide.mcu.externaltools.gnu-tools-for-stm32.7-2018-q2-update.win32_1.0.0.201904181610/tools/bin/../lib/gcc/arm-none-eabi/7.3.1/../../../../arm-none-eabi/lib/thumb/v7e-m/fpv4-sp/hard\libc_nano.a(lib_a-printf.o)
                              Src/BNO080.o (printf)
c:/st/stm32cubeide_1.1.0/stm32cubeide/plugins/com.st.stm32cube.ide.mcu.externaltools.gnu-tools-for-stm32.7-2018-q2-update.win32_1.0.0.201904181610/tools/bin/../lib/gcc/arm-none-eabi/7.3.1/../../../../arm-none-eabi/lib/thumb/v7e-m/fpv4-sp/hard\libc_nano.a(lib_a-puts.o)
                              Src/BNO080.o (puts)
c:/st/stm32cubeide_1.1.0/stm32cubeide/plugins/com.st.stm32cube.ide.mcu.externaltools.gnu-tools-for-stm32.7-2018-q2-update.win32_1.0.0.201904181610/tools/bin/../lib/gcc/arm-none-eabi/7.3.1/../../../../arm-none-eabi/lib/thumb/v7e-m/fpv4-sp/hard\libc_nano.a(lib_a-strlen.o)
                              c:/st/stm32cubeide_1.1.0/stm32cubeide/plugins/com.st.stm32cube.ide.mcu.externaltools.gnu-tools-for-stm32.7-2018-q2-update.win32_1.0.0.201904181610/tools/bin/../lib/gcc/arm-none-eabi/7.3.1/../../../../arm-none-eabi/lib/thumb/v7e-m/fpv4-sp/hard\libc_nano.a(lib_a-nano-vfprintf_float.o) (strlen)
[...]
Memory Configuration

Name             Origin             Length             Attributes
CCMRAM           0x0000000010000000 0x0000000000010000 xrw
RAM              0x0000000020000000 0x0000000000020000 xrw
FLASH            0x0000000008000000 0x0000000000100000 xr
*default*        0x0000000000000000 0xffffffffffffffff

Linker script and memory map

LOAD c:/st/stm32cubeide_1.1.0/stm32cubeide/plugins/com.st.stm32cube.ide.mcu.externaltools.gnu-tools-for-stm32.7-2018-q2-update.win32_1.0.0.201904181610/tools/bin/../lib/gcc/arm-none-eabi/7.3.1/thumb/v7e-m/fpv4-sp/hard/crti.o
LOAD c:/st/stm32cubeide_1.1.0/stm32cubeide/plugins/com.st.stm32cube.ide.mcu.externaltools.gnu-tools-for-stm32.7-2018-q2-update.win32_1.0.0.201904181610/tools/bin/../lib/gcc/arm-none-eabi/7.3.1/thumb/v7e-m/fpv4-sp/hard/crtbegin.o
LOAD c:/st/stm32cubeide_1.1.0/stm32cubeide/plugins/com.st.stm32cube.ide.mcu.externaltools.gnu-tools-for-stm32.7-2018-q2-update.win32_1.0.0.201904181610/tools/bin/../lib/gcc/arm-none-eabi/7.3.1/../../../../arm-none-eabi/lib/thumb/v7e-m/fpv4-sp/hard/crt0.o
LOAD Drivers/STM32F4xx_HAL_Driver/Src/stm32f4xx_hal.o
LOAD Drivers/STM32F4xx_HAL_Driver/Src/stm32f4xx_hal_adc.o
LOAD Drivers/STM32F4xx_HAL_Driver/Src/stm32f4xx_hal_adc_ex.o
LOAD Drivers/STM32F4xx_HAL_Driver/Src/stm32f4xx_hal_cortex.o
LOAD Drivers/STM32F4xx_HAL_Driver/Src/stm32f4xx_hal_dma.o
LOAD Drivers/STM32F4xx_HAL_Driver/Src/stm32f4xx_hal_dma_ex.o
LOAD Drivers/STM32F4xx_HAL_Driver/Src/stm32f4xx_hal_exti.o
LOAD Drivers/STM32F4xx_HAL_Driver/Src/stm32f4xx_hal_flash.o
LOAD Drivers/STM32F4xx_HAL_Driver/Src/stm32f4xx_hal_flash_ex.o
LOAD Drivers/STM32F4xx_HAL_Driver/Src/stm32f4xx_hal_flash_ramfunc.o
LOAD Drivers/STM32F4xx_HAL_Driver/Src/stm32f4xx_hal_gpio.o
LOAD Drivers/STM32F4xx_HAL_Driver/Src/stm32f4xx_hal_i2c.o
LOAD Drivers/STM32F4xx_HAL_Driver/Src/stm32f4xx_hal_i2c_ex.o
LOAD Drivers/STM32F4xx_HAL_Driver/Src/stm32f4xx_hal_pwr.o
LOAD Drivers/STM32F4xx_HAL_Driver/Src/stm32f4xx_hal_pwr_ex.o
LOAD Drivers/STM32F4xx_HAL_Driver/Src/stm32f4xx_hal_rcc.o
LOAD Drivers/STM32F4xx_HAL_Driver/Src/stm32f4xx_hal_rcc_ex.o
LOAD Drivers/STM32F4xx_HAL_Driver/Src/stm32f4xx_hal_tim.o
LOAD Drivers/STM32F4xx_HAL_Driver/Src/stm32f4xx_hal_tim_ex.o
LOAD Drivers/STM32F4xx_HAL_Driver/Src/stm32f4xx_hal_uart.o
LOAD Drivers/STM32F4xx_HAL_Driver/Src/stm32f4xx_ll_dma.o
LOAD Drivers/STM32F4xx_HAL_Driver/Src/stm32f4xx_ll_exti.o
LOAD Drivers/STM32F4xx_HAL_Driver/Src/stm32f4xx_ll_gpio.o
LOAD Drivers/STM32F4xx_HAL_Driver/Src/stm32f4xx_ll_rcc.o
LOAD Drivers/STM32F4xx_HAL_Driver/Src/stm32f4xx_ll_spi.o
LOAD Drivers/STM32F4xx_HAL_Driver/Src/stm32f4xx_ll_tim.o
LOAD Drivers/STM32F4xx_HAL_Driver/Src/stm32f4xx_ll_usart.o
LOAD Drivers/STM32F4xx_HAL_Driver/Src/stm32f4xx_ll_utils.o
LOAD Src/AT24C08.o
LOAD Src/BNO080.o
LOAD Src/FS-iA6B.o
LOAD Src/ICM20602.o
LOAD Src/LPS22HH.o
LOAD Src/M8N.o
LOAD Src/PID control.o
LOAD Src/Quaternion.o
LOAD Src/adc.o
LOAD Src/dma.o
LOAD Src/gpio.o
LOAD Src/i2c.o
LOAD Src/main.o
LOAD Src/spi.o
LOAD Src/stm32f4xx_hal_msp.o
LOAD Src/stm32f4xx_it.o
LOAD Src/sys.o
LOAD Src/syscalls.o
LOAD Src/sysmem.o
LOAD Src/system_stm32f4xx.o
LOAD Src/tim.o
LOAD Src/usart.o
LOAD Startup/startup_stm32f405rgtx.o
START GROUP
LOAD c:/st/stm32cubeide_1.1.0/stm32cubeide/plugins/com.st.stm32cube.ide.mcu.externaltools.gnu-tools-for-stm32.7-2018-q2-update.win32_1.0.0.201904181610/tools/bin/../lib/gcc/arm-none-eabi/7.3.1/../../../../arm-none-eabi/lib/thumb/v7e-m/fpv4-sp/hard\libc_nano.a
LOAD c:/st/stm32cubeide_1.1.0/stm32cubeide/plugins/com.st.stm32cube.ide.mcu.externaltools.gnu-tools-for-stm32.7-2018-q2-update.win32_1.0.0.201904181610/tools/bin/../lib/gcc/arm-none-eabi/7.3.1/../../../../arm-none-eabi/lib/thumb/v7e-m/fpv4-sp/hard\libm.a
END GROUP
START GROUP
LOAD c:/st/stm32cubeide_1.1.0/stm32cubeide/plugins/com.st.stm32cube.ide.mcu.externaltools.gnu-tools-for-stm32.7-2018-q2-update.win32_1.0.0.201904181610/tools/bin/../lib/gcc/arm-none-eabi/7.3.1/thumb/v7e-m/fpv4-sp/hard\libgcc.a
LOAD c:/st/stm32cubeide_1.1.0/stm32cubeide/plugins/com.st.stm32cube.ide.mcu.externaltools.gnu-tools-for-stm32.7-2018-q2-update.win32_1.0.0.201904181610/tools/bin/../lib/gcc/arm-none-eabi/7.3.1/../../../../arm-none-eabi/lib/thumb/v7e-m/fpv4-sp/hard\libc_nano.a
END GROUP
START GROUP
LOAD c:/st/stm32cubeide_1.1.0/stm32cubeide/plugins/com.st.stm32cube.ide.mcu.externaltools.gnu-tools-for-stm32.7-2018-q2-update.win32_1.0.0.201904181610/tools/bin/../lib/gcc/arm-none-eabi/7.3.1/thumb/v7e-m/fpv4-sp/hard\libgcc.a
LOAD c:/st/stm32cubeide_1.1.0/stm32cubeide/plugins/com.st.stm32cube.ide.mcu.externaltools.gnu-tools-for-stm32.7-2018-q2-update.win32_1.0.0.201904181610/tools/bin/../lib/gcc/arm-none-eabi/7.3.1/../../../../arm-none-eabi/lib/thumb/v7e-m/fpv4-sp/hard\libc_nano.a
LOAD c:/st/stm32cubeide_1.1.0/stm32cubeide/plugins/com.st.stm32cube.ide.mcu.externaltools.gnu-tools-for-stm32.7-2018-q2-update.win32_1.0.0.201904181610/tools/bin/../lib/gcc/arm-none-eabi/7.3.1/../../../../arm-none-eabi/lib/thumb/v7e-m/fpv4-sp/hard\libnosys.a
END GROUP
START GROUP
LOAD c:/st/stm32cubeide_1.1.0/stm32cubeide/plugins/com.st.stm32cube.ide.mcu.externaltools.gnu-tools-for-stm32.7-2018-q2-update.win32_1.0.0.201904181610/tools/bin/../lib/gcc/arm-none-eabi/7.3.1/thumb/v7e-m/fpv4-sp/hard\libgcc.a
LOAD c:/st/stm32cubeide_1.1.0/stm32cubeide/plugins/com.st.stm32cube.ide.mcu.externaltools.gnu-tools-for-stm32.7-2018-q2-update.win32_1.0.0.201904181610/tools/bin/../lib/gcc/arm-none-eabi/7.3.1/../../../../arm-none-eabi/lib/thumb/v7e-m/fpv4-sp/hard\libc_nano.a
LOAD c:/st/stm32cubeide_1.1.0/stm32cubeide/plugins/com.st.stm32cube.ide.mcu.externaltools.gnu-tools-for-stm32.7-2018-q2-update.win32_1.0.0.201904181610/tools/bin/../lib/gcc/arm-none-eabi/7.3.1/../../../../arm-none-eabi/lib/thumb/v7e-m/fpv4-sp/hard\libnosys.a
END GROUP
LOAD c:/st/stm32cubeide_1.1.0/stm32cubeide/plugins/com.st.stm32cube.ide.mcu.externaltools.gnu-tools-for-stm32.7-2018-q2-update.win32_1.0.0.201904181610/tools/bin/../lib/gcc/arm-none-eabi/7.3.1/thumb/v7e-m/fpv4-sp/hard/crtend.o
LOAD c:/st/stm32cubeide_1.1.0/stm32cubeide/plugins/com.st.stm32cube.ide.mcu.externaltools.gnu-tools-for-stm32.7-2018-q2-update.win32_1.0.0.201904181610/tools/bin/../lib/gcc/arm-none-eabi/7.3.1/thumb/v7e-m/fpv4-sp/hard/crtn.o
                0x0000000020020000                _estack = 0x20020000
                0x0000000000000200                _Min_Heap_Size = 0x200
                0x0000000000000400                _Min_Stack_Size = 0x400

.isr_vector     0x0000000008000000      0x188
                0x0000000008000000                . = ALIGN (0x4)
 *(.isr_vector)
 .isr_vector    0x0000000008000000      0x188 Startup/startup_stm32f405rgtx.o
                0x0000000008000000                g_pfnVectors
                0x0000000008000188                . = ALIGN (0x4)

.text           0x0000000008000190     0xf8ec
                0x0000000008000190                . = ALIGN (0x4)
 *(.text)
 .text          0x0000000008000190       0x40 c:/st/stm32cubeide_1.1.0/stm32cubeide/plugins/com.st.stm32cube.ide.mcu.externaltools.gnu-tools-for-stm32.7-2018-q2-update.win32_1.0.0.201904181610/tools/bin/../lib/gcc/arm-none-eabi/7.3.1/thumb/v7e-m/fpv4-sp/hard/crtbegin.o
 .text          0x00000000080001d0       0x10 c:/st/stm32cubeide_1.1.0/stm32cubeide/plugins/com.st.stm32cube.ide.mcu.externaltools.gnu-tools-for-stm32.7-2018-q2-update.win32_1.0.0.201904181610/tools/bin/../lib/gcc/arm-none-eabi/7.3.1/../../../../arm-none-eabi/lib/thumb/v7e-m/fpv4-sp/hard\libc_nano.a(lib_a-strlen.o)
                0x00000000080001d0                strlen
 .text          0x00000000080001e0       0xa0 c:/st/stm32cubeide_1.1.0/stm32cubeide/plugins/com.st.stm32cube.ide.mcu.externaltools.gnu-tools-for-stm32.7-2018-q2-update.win32_1.0.0.201904181610/tools/bin/../lib/gcc/arm-none-eabi/7.3.1/../../../../arm-none-eabi/lib/thumb/v7e-m/fpv4-sp/hard\libc_nano.a(lib_a-memchr.o)
                0x00000000080001e0                memchr
 .text          0x0000000008000280      0x378 c:/st/stm32cubeide_1.1.0/stm32cubeide/plugins/com.st.stm32cube.ide.mcu.externaltools.gnu-tools-for-stm32.7-2018-q2-update.win32_1.0.0.201904181610/tools/bin/../lib/gcc/arm-none-eabi/7.3.1/thumb/v7e-m/fpv4-sp/hard\libgcc.a(_arm_addsubdf3.o)
                0x0000000008000280                __aeabi_drsub
                0x0000000008000288                __aeabi_dsub
                0x0000000008000288                __subdf3
                0x000000000800028c                __aeabi_dadd
                0x000000000800028c                __adddf3
                0x0000000008000504                __floatunsidf
                0x0000000008000504                __aeabi_ui2d
                0x0000000008000524                __floatsidf
                0x0000000008000524                __aeabi_i2d
                0x0000000008000548                __aeabi_f2d
                0x0000000008000548                __extendsfdf2
                0x000000000800058c                __floatundidf
                0x000000000800058c                __aeabi_ul2d
                0x000000000800059c                __floatdidf
                0x000000000800059c                __aeabi_l2d
 .text          0x00000000080005f8      0x424 c:/st/stm32cubeide_1.1.0/stm32cubeide/plugins/com.st.stm32cube.ide.mcu.externaltools.gnu-tools-for-stm32.7-2018-q2-update.win32_1.0.0.201904181610/tools/bin/../lib/gcc/arm-none-eabi/7.3.1/thumb/v7e-m/fpv4-sp/hard\libgcc.a(_arm_muldivdf3.o)
                0x00000000080005f8                __aeabi_dmul
                0x00000000080005f8                __muldf3
                0x000000000800084c                __divdf3
                0x000000000800084c                __aeabi_ddiv
 .text          0x0000000008000a1c      0x110 c:/st/stm32cubeide_1.1.0/stm32cubeide/plugins/com.st.stm32cube.ide.mcu.externaltools.gnu-tools-for-stm32.7-2018-q2-update.win32_1.0.0.201904181610/tools/bin/../lib/gcc/arm-none-eabi/7.3.1/thumb/v7e-m/fpv4-sp/hard\libgcc.a(_arm_cmpdf2.o)
                0x0000000008000a1c                __gtdf2
                0x0000000008000a1c                __gedf2
                0x0000000008000a24                __ltdf2
                0x0000000008000a24                __ledf2
                0x0000000008000a2c                __nedf2
                0x0000000008000a2c                __eqdf2
                0x0000000008000a2c                __cmpdf2
                0x0000000008000aa8                __aeabi_cdrcmple
                0x0000000008000ab8                __aeabi_cdcmpeq
                0x0000000008000ab8                __aeabi_cdcmple
                0x0000000008000ac8                __aeabi_dcmpeq
                0x0000000008000adc                __aeabi_dcmplt
                0x0000000008000af0                __aeabi_dcmple
                0x0000000008000b04                __aeabi_dcmpge
                0x0000000008000b18                __aeabi_dcmpgt
 .text          0x0000000008000b2c       0x2c c:/st/stm32cubeide_1.1.0/stm32cubeide/plugins/com.st.stm32cube.ide.mcu.externaltools.gnu-tools-for-stm32.7-2018-q2-update.win32_1.0.0.201904181610/tools/bin/../lib/gcc/arm-none-eabi/7.3.1/thumb/v7e-m/fpv4-sp/hard\libgcc.a(_arm_unorddf2.o)
                0x0000000008000b2c                __unorddf2
                0x0000000008000b2c                __aeabi_dcmpun
 .text          0x0000000008000b58       0x50 c:/st/stm32cubeide_1.1.0/stm32cubeide/plugins/com.st.stm32cube.ide.mcu.externaltools.gnu-tools-for-stm32.7-2018-q2-update.win32_1.0.0.201904181610/tools/bin/../lib/gcc/arm-none-eabi/7.3.1/thumb/v7e-m/fpv4-sp/hard\libgcc.a(_arm_fixdfsi.o)
                0x0000000008000b58                __aeabi_d2iz
                0x0000000008000b58                __fixdfsi
 .text          0x0000000008000ba8       0xa0 c:/st/stm32cubeide_1.1.0/stm32cubeide/plugins/com.st.stm32cube.ide.mcu.externaltools.gnu-tools-for-stm32.7-2018-q2-update.win32_1.0.0.201904181610/tools/bin/../lib/gcc/arm-none-eabi/7.3.1/thumb/v7e-m/fpv4-sp/hard\libgcc.a(_arm_truncdfsf2.o)
                0x0000000008000ba8                __truncdfsf2
                0x0000000008000ba8                __aeabi_d2f
 .text          0x0000000008000c48       0x30 c:/st/stm32cubeide_1.1.0/stm32cubeide/plugins/com.st.stm32cube.ide.mcu.externaltools.gnu-tools-for-stm32.7-2018-q2-update.win32_1.0.0.201904181610/tools/bin/../lib/gcc/arm-none-eabi/7.3.1/thumb/v7e-m/fpv4-sp/hard\libgcc.a(_aeabi_uldivmod.o)
                0x0000000008000c48                __aeabi_uldivmod
 .text          0x0000000008000c78      0x2cc c:/st/stm32cubeide_1.1.0/stm32cubeide/plugins/com.st.stm32cube.ide.mcu.externaltools.gnu-tools-for-stm32.7-2018-q2-update.win32_1.0.0.201904181610/tools/bin/../lib/gcc/arm-none-eabi/7.3.1/thumb/v7e-m/fpv4-sp/hard\libgcc.a(_udivmoddi4.o)
                0x0000000008000c78                __udivmoddi4
 .text          0x0000000008000f44        0x4 c:/st/stm32cubeide_1.1.0/stm32cubeide/plugins/com.st.stm32cube.ide.mcu.externaltools.gnu-tools-for-stm32.7-2018-q2-update.win32_1.0.0.201904181610/tools/bin/../lib/gcc/arm-none-eabi/7.3.1/thumb/v7e-m/fpv4-sp/hard\libgcc.a(_dvmd_tls.o)
                0x0000000008000f44                __aeabi_idiv0
                0x0000000008000f44                __aeabi_ldiv0
 *(.text*)
 .text.HAL_Init
                0x0000000008000f48       0x44 Drivers/STM32F4xx_HAL_Driver/Src/stm32f4xx_hal.o
                0x0000000008000f48                HAL_Init
 .text.HAL_InitTick
                0x0000000008000f8c       0x60 Drivers/STM32F4xx_HAL_Driver/Src/stm32f4xx_hal.o
                0x0000000008000f8c                HAL_InitTick
 .text.HAL_IncTick
                0x0000000008000fec       0x28 Drivers/STM32F4xx_HAL_Driver/Src/stm32f4xx_hal.o
                0x0000000008000fec                HAL_IncTick
 .text.HAL_GetTick
                0x0000000008001014       0x18 Drivers/STM32F4xx_HAL_Driver/Src/stm32f4xx_hal.o
                0x0000000008001014                HAL_GetTick
 .text.HAL_Delay
                0x000000000800102c       0x44 Drivers/STM32F4xx_HAL_Driver/Src/stm32f4xx_hal.o
                0x000000000800102c                HAL_Delay
 .text.HAL_ADC_Init
                0x0000000008001070       0x86 Drivers/STM32F4xx_HAL_Driver/Src/stm32f4xx_hal_adc.o
                0x0000000008001070                HAL_ADC_Init
 *fill*         0x00000000080010f6        0x2 
 .text.HAL_ADC_Start_DMA
                0x00000000080010f8      0x1e4 Drivers/STM32F4xx_HAL_Driver/Src/stm32f4xx_hal_adc.o
                0x00000000080010f8                HAL_ADC_Start_DMA
 .text.HAL_ADC_ConvCpltCallback
                0x00000000080012dc       0x14 Drivers/STM32F4xx_HAL_Driver/Src/stm32f4xx_hal_adc.o
                0x00000000080012dc                HAL_ADC_ConvCpltCallback
 .text.HAL_ADC_ConvHalfCpltCallback
                0x00000000080012f0       0x14 Drivers/STM32F4xx_HAL_Driver/Src/stm32f4xx_hal_adc.o
                0x00000000080012f0                HAL_ADC_ConvHalfCpltCallback
 .text.HAL_ADC_ErrorCallback
                0x0000000008001304       0x14 Drivers/STM32F4xx_HAL_Driver/Src/stm32f4xx_hal_adc.o
                0x0000000008001304                HAL_ADC_ErrorCallback
 .text.HAL_ADC_ConfigChannel
                0x0000000008001318      0x244 Drivers/STM32F4xx_HAL_Driver/Src/stm32f4xx_hal_adc.o
                0x0000000008001318                HAL_ADC_ConfigChannel
 .text.ADC_Init
                0x000000000800155c      0x1f8 Drivers/STM32F4xx_HAL_Driver/Src/stm32f4xx_hal_adc.o
 .text.ADC_DMAConvCplt
                0x0000000008001754       0xba Drivers/STM32F4xx_HAL_Driver/Src/stm32f4xx_hal_adc.o
 .text.ADC_DMAHalfConvCplt
                0x000000000800180e       0x1c Drivers/STM32F4xx_HAL_Driver/Src/stm32f4xx_hal_adc.o
 .text.ADC_DMAError
                0x000000000800182a       0x2e Drivers/STM32F4xx_HAL_Driver/Src/stm32f4xx_hal_adc.o
 .text.__NVIC_SetPriorityGrouping
                0x0000000008001858       0x48 Drivers/STM32F4xx_HAL_Driver/Src/stm32f4xx_hal_cortex.o
 .text.__NVIC_GetPriorityGrouping
                0x00000000080018a0       0x1c Drivers/STM32F4xx_HAL_Driver/Src/stm32f4xx_hal_cortex.o
 .text.__NVIC_EnableIRQ
                0x00000000080018bc       0x3c Drivers/STM32F4xx_HAL_Driver/Src/stm32f4xx_hal_cortex.o
 .text.__NVIC_SetPriority
                0x00000000080018f8       0x54 Drivers/STM32F4xx_HAL_Driver/Src/stm32f4xx_hal_cortex.o
 .text.NVIC_EncodePriority
                0x000000000800194c       0x66 Drivers/STM32F4xx_HAL_Driver/Src/stm32f4xx_hal_cortex.o
 *fill*         0x00000000080019b2        0x2 
 .text.SysTick_Config
                0x00000000080019b4       0x44 Drivers/STM32F4xx_HAL_Driver/Src/stm32f4xx_hal_cortex.o
 .text.HAL_NVIC_SetPriorityGrouping
                0x00000000080019f8       0x16 Drivers/STM32F4xx_HAL_Driver/Src/stm32f4xx_hal_cortex.o
                0x00000000080019f8                HAL_NVIC_SetPriorityGrouping
 .text.HAL_NVIC_SetPriority
                0x0000000008001a0e       0x38 Drivers/STM32F4xx_HAL_Driver/Src/stm32f4xx_hal_cortex.o
                0x0000000008001a0e                HAL_NVIC_SetPriority
 .text.HAL_NVIC_EnableIRQ
                0x0000000008001a46       0x1c Drivers/STM32F4xx_HAL_Driver/Src/stm32f4xx_hal_cortex.o
                0x0000000008001a46                HAL_NVIC_EnableIRQ
 .text.HAL_SYSTICK_Config
                0x0000000008001a62       0x18 Drivers/STM32F4xx_HAL_Driver/Src/stm32f4xx_hal_cortex.o
                0x0000000008001a62                HAL_SYSTICK_Config
 *fill*         0x0000000008001a7a        0x2 
 .text.HAL_DMA_Init
                0x0000000008001a7c      0x15c Drivers/STM32F4xx_HAL_Driver/Src/stm32f4xx_hal_dma.o
                0x0000000008001a7c                HAL_DMA_Init
 .text.HAL_DMA_Start_IT
                0x0000000008001bd8       0xb0 Drivers/STM32F4xx_HAL_Driver/Src/stm32f4xx_hal_dma.o
                0x0000000008001bd8                HAL_DMA_Start_IT
 .text.HAL_DMA_Abort_IT
                0x0000000008001c88       0x44 Drivers/STM32F4xx_HAL_Driver/Src/stm32f4xx_hal_dma.o
                0x0000000008001c88                HAL_DMA_Abort_IT
 .text.HAL_DMA_IRQHandler
                0x0000000008001ccc      0x314 Drivers/STM32F4xx_HAL_Driver/Src/stm32f4xx_hal_dma.o
                0x0000000008001ccc                HAL_DMA_IRQHandler
 .text.DMA_SetConfig
                0x0000000008001fe0       0x5c Drivers/STM32F4xx_HAL_Driver/Src/stm32f4xx_hal_dma.o
 .text.DMA_CalcBaseAndBitshift
                0x000000000800203c       0x6c Drivers/STM32F4xx_HAL_Driver/Src/stm32f4xx_hal_dma.o
 .text.DMA_CheckFifoParam
                0x00000000080020a8       0xf4 Drivers/STM32F4xx_HAL_Driver/Src/stm32f4xx_hal_dma.o
 .text.HAL_GPIO_Init
                0x000000000800219c      0x334 Drivers/STM32F4xx_HAL_Driver/Src/stm32f4xx_hal_gpio.o
                0x000000000800219c                HAL_GPIO_Init
 .text.HAL_I2C_Init
                0x00000000080024d0      0x270 Drivers/STM32F4xx_HAL_Driver/Src/stm32f4xx_hal_i2c.o
                0x00000000080024d0                HAL_I2C_Init
 .text.HAL_I2C_Mem_Write
                0x0000000008002740      0x1f4 Drivers/STM32F4xx_HAL_Driver/Src/stm32f4xx_hal_i2c.o
                0x0000000008002740                HAL_I2C_Mem_Write
 .text.HAL_I2C_Mem_Read
                0x0000000008002934      0x44c Drivers/STM32F4xx_HAL_Driver/Src/stm32f4xx_hal_i2c.o
                0x0000000008002934                HAL_I2C_Mem_Read
 .text.I2C_RequestMemoryWrite
                0x0000000008002d80      0x128 Drivers/STM32F4xx_HAL_Driver/Src/stm32f4xx_hal_i2c.o
 .text.I2C_RequestMemoryRead
                0x0000000008002ea8      0x1cc Drivers/STM32F4xx_HAL_Driver/Src/stm32f4xx_hal_i2c.o
 .text.I2C_WaitOnFlagUntilTimeout
                0x0000000008003074       0xae Drivers/STM32F4xx_HAL_Driver/Src/stm32f4xx_hal_i2c.o
 .text.I2C_WaitOnMasterAddressFlagUntilTimeout
                0x0000000008003122       0xfe Drivers/STM32F4xx_HAL_Driver/Src/stm32f4xx_hal_i2c.o
 .text.I2C_WaitOnTXEFlagUntilTimeout
                0x0000000008003220       0x82 Drivers/STM32F4xx_HAL_Driver/Src/stm32f4xx_hal_i2c.o
 .text.I2C_WaitOnBTFFlagUntilTimeout
                0x00000000080032a2       0x82 Drivers/STM32F4xx_HAL_Driver/Src/stm32f4xx_hal_i2c.o
 .text.I2C_WaitOnRXNEFlagUntilTimeout
                0x0000000008003324       0xac Drivers/STM32F4xx_HAL_Driver/Src/stm32f4xx_hal_i2c.o
 .text.I2C_IsAcknowledgeFailed
                0x00000000080033d0       0x5e Drivers/STM32F4xx_HAL_Driver/Src/stm32f4xx_hal_i2c.o
 *fill*         0x000000000800342e        0x2 
 .text.HAL_RCC_OscConfig
                0x0000000008003430      0x4e0 Drivers/STM32F4xx_HAL_Driver/Src/stm32f4xx_hal_rcc.o
                0x0000000008003430                HAL_RCC_OscConfig
 .text.HAL_RCC_ClockConfig
                0x0000000008003910      0x1cc Drivers/STM32F4xx_HAL_Driver/Src/stm32f4xx_hal_rcc.o
                0x0000000008003910                HAL_RCC_ClockConfig
 .text.HAL_RCC_GetSysClockFreq
                0x0000000008003adc      0x1b0 Drivers/STM32F4xx_HAL_Driver/Src/stm32f4xx_hal_rcc.o
                0x0000000008003adc                HAL_RCC_GetSysClockFreq
 .text.HAL_RCC_GetHCLKFreq
                0x0000000008003c8c       0x18 Drivers/STM32F4xx_HAL_Driver/Src/stm32f4xx_hal_rcc.o
                0x0000000008003c8c                HAL_RCC_GetHCLKFreq
 .text.HAL_RCC_GetPCLK1Freq
                0x0000000008003ca4       0x28 Drivers/STM32F4xx_HAL_Driver/Src/stm32f4xx_hal_rcc.o
                0x0000000008003ca4                HAL_RCC_GetPCLK1Freq
 .text.HAL_RCC_GetPCLK2Freq
                0x0000000008003ccc       0x28 Drivers/STM32F4xx_HAL_Driver/Src/stm32f4xx_hal_rcc.o
                0x0000000008003ccc                HAL_RCC_GetPCLK2Freq
 .text.HAL_UART_Init
                0x0000000008003cf4       0x9a Drivers/STM32F4xx_HAL_Driver/Src/stm32f4xx_hal_uart.o
                0x0000000008003cf4                HAL_UART_Init
 .text.HAL_UART_Transmit
                0x0000000008003d8e      0x132 Drivers/STM32F4xx_HAL_Driver/Src/stm32f4xx_hal_uart.o
                0x0000000008003d8e                HAL_UART_Transmit
 .text.HAL_UART_Transmit_IT
                0x0000000008003ec0       0x8a Drivers/STM32F4xx_HAL_Driver/Src/stm32f4xx_hal_uart.o
                0x0000000008003ec0                HAL_UART_Transmit_IT
 .text.HAL_UART_Receive_IT
                0x0000000008003f4a       0xaa Drivers/STM32F4xx_HAL_Driver/Src/stm32f4xx_hal_uart.o
                0x0000000008003f4a                HAL_UART_Receive_IT
 .text.HAL_UART_IRQHandler
                0x0000000008003ff4      0x200 Drivers/STM32F4xx_HAL_Driver/Src/stm32f4xx_hal_uart.o
                0x0000000008003ff4                HAL_UART_IRQHandler
 .text.HAL_UART_TxCpltCallback
                0x00000000080041f4       0x14 Drivers/STM32F4xx_HAL_Driver/Src/stm32f4xx_hal_uart.o
                0x00000000080041f4                HAL_UART_TxCpltCallback
 .text.HAL_UART_ErrorCallback
                0x0000000008004208       0x14 Drivers/STM32F4xx_HAL_Driver/Src/stm32f4xx_hal_uart.o
                0x0000000008004208                HAL_UART_ErrorCallback
 .text.UART_WaitOnFlagUntilTimeout
                0x000000000800421c       0x94 Drivers/STM32F4xx_HAL_Driver/Src/stm32f4xx_hal_uart.o
 .text.UART_EndRxTransfer
                0x00000000080042b0       0x3c Drivers/STM32F4xx_HAL_Driver/Src/stm32f4xx_hal_uart.o
 .text.UART_DMAAbortOnError
                0x00000000080042ec       0x28 Drivers/STM32F4xx_HAL_Driver/Src/stm32f4xx_hal_uart.o
 .text.UART_Transmit_IT
                0x0000000008004314       0xac Drivers/STM32F4xx_HAL_Driver/Src/stm32f4xx_hal_uart.o
 .text.UART_EndTransmit_IT
                0x00000000080043c0       0x30 Drivers/STM32F4xx_HAL_Driver/Src/stm32f4xx_hal_uart.o
 .text.UART_Receive_IT
                0x00000000080043f0      0x102 Drivers/STM32F4xx_HAL_Driver/Src/stm32f4xx_hal_uart.o
 *fill*         0x00000000080044f2        0x2 
 .text.UART_SetConfig
                0x00000000080044f4      0x6f8 Drivers/STM32F4xx_HAL_Driver/Src/stm32f4xx_hal_uart.o
 .text.LL_GPIO_SetPinMode
                0x0000000008004bec       0x5e Drivers/STM32F4xx_HAL_Driver/Src/stm32f4xx_ll_gpio.o
 .text.LL_GPIO_SetPinOutputType
                0x0000000008004c4a       0x5a Drivers/STM32F4xx_HAL_Driver/Src/stm32f4xx_ll_gpio.o
 .text.LL_GPIO_SetPinSpeed
                0x0000000008004ca4       0x5e Drivers/STM32F4xx_HAL_Driver/Src/stm32f4xx_ll_gpio.o
 .text.LL_GPIO_SetPinPull
                0x0000000008004d02       0x5e Drivers/STM32F4xx_HAL_Driver/Src/stm32f4xx_ll_gpio.o
 .text.LL_GPIO_SetAFPin_0_7
                0x0000000008004d60       0x5e Drivers/STM32F4xx_HAL_Driver/Src/stm32f4xx_ll_gpio.o
 .text.LL_GPIO_SetAFPin_8_15
                0x0000000008004dbe       0x62 Drivers/STM32F4xx_HAL_Driver/Src/stm32f4xx_ll_gpio.o
 .text.LL_GPIO_Init
                0x0000000008004e20       0xe6 Drivers/STM32F4xx_HAL_Driver/Src/stm32f4xx_ll_gpio.o
                0x0000000008004e20                LL_GPIO_Init
 *fill*         0x0000000008004f06        0x2 
 .text.LL_RCC_GetSysClkSource
                0x0000000008004f08       0x1c Drivers/STM32F4xx_HAL_Driver/Src/stm32f4xx_ll_rcc.o
 .text.LL_RCC_GetAHBPrescaler
                0x0000000008004f24       0x1c Drivers/STM32F4xx_HAL_Driver/Src/stm32f4xx_ll_rcc.o
 .text.LL_RCC_GetAPB1Prescaler
                0x0000000008004f40       0x1c Drivers/STM32F4xx_HAL_Driver/Src/stm32f4xx_ll_rcc.o
 .text.LL_RCC_GetAPB2Prescaler
                0x0000000008004f5c       0x1c Drivers/STM32F4xx_HAL_Driver/Src/stm32f4xx_ll_rcc.o
 .text.LL_RCC_PLL_GetMainSource
                0x0000000008004f78       0x1c Drivers/STM32F4xx_HAL_Driver/Src/stm32f4xx_ll_rcc.o
 .text.LL_RCC_PLL_GetN
                0x0000000008004f94       0x1c Drivers/STM32F4xx_HAL_Driver/Src/stm32f4xx_ll_rcc.o
 .text.LL_RCC_PLL_GetP
                0x0000000008004fb0       0x1c Drivers/STM32F4xx_HAL_Driver/Src/stm32f4xx_ll_rcc.o
 .text.LL_RCC_PLL_GetDivider
                0x0000000008004fcc       0x1c Drivers/STM32F4xx_HAL_Driver/Src/stm32f4xx_ll_rcc.o
 .text.LL_RCC_GetSystemClocksFreq
                0x0000000008004fe8       0x4a Drivers/STM32F4xx_HAL_Driver/Src/stm32f4xx_ll_rcc.o
                0x0000000008004fe8                LL_RCC_GetSystemClocksFreq
 *fill*         0x0000000008005032        0x2 
 .text.RCC_GetSystemClockFreq
                0x0000000008005034       0x4c Drivers/STM32F4xx_HAL_Driver/Src/stm32f4xx_ll_rcc.o
                0x0000000008005034                RCC_GetSystemClockFreq
 .text.RCC_GetHCLKClockFreq
                0x0000000008005080       0x2c Drivers/STM32F4xx_HAL_Driver/Src/stm32f4xx_ll_rcc.o
                0x0000000008005080                RCC_GetHCLKClockFreq
 .text.RCC_GetPCLK1ClockFreq
                0x00000000080050ac       0x28 Drivers/STM32F4xx_HAL_Driver/Src/stm32f4xx_ll_rcc.o
                0x00000000080050ac                RCC_GetPCLK1ClockFreq
 .text.RCC_GetPCLK2ClockFreq
                0x00000000080050d4       0x28 Drivers/STM32F4xx_HAL_Driver/Src/stm32f4xx_ll_rcc.o
                0x00000000080050d4                RCC_GetPCLK2ClockFreq
 .text.RCC_PLL_GetFreqDomain_SYS
                0x00000000080050fc       0x7c Drivers/STM32F4xx_HAL_Driver/Src/stm32f4xx_ll_rcc.o
                0x00000000080050fc                RCC_PLL_GetFreqDomain_SYS
 .text.LL_SPI_IsEnabled
                0x0000000008005178       0x26 Drivers/STM32F4xx_HAL_Driver/Src/stm32f4xx_ll_spi.o
 .text.LL_SPI_SetCRCPolynomial
                0x000000000800519e       0x20 Drivers/STM32F4xx_HAL_Driver/Src/stm32f4xx_ll_spi.o
 .text.LL_SPI_Init
                0x00000000080051be       0xa4 Drivers/STM32F4xx_HAL_Driver/Src/stm32f4xx_ll_spi.o
                0x00000000080051be                LL_SPI_Init
 .text.LL_TIM_SetPrescaler
                0x0000000008005262       0x1c Drivers/STM32F4xx_HAL_Driver/Src/stm32f4xx_ll_tim.o
 .text.LL_TIM_SetAutoReload
                0x000000000800527e       0x1c Drivers/STM32F4xx_HAL_Driver/Src/stm32f4xx_ll_tim.o
 .text.LL_TIM_SetRepetitionCounter
                0x000000000800529a       0x1c Drivers/STM32F4xx_HAL_Driver/Src/stm32f4xx_ll_tim.o
 .text.LL_TIM_OC_SetCompareCH1
                0x00000000080052b6       0x1c Drivers/STM32F4xx_HAL_Driver/Src/stm32f4xx_ll_tim.o
 .text.LL_TIM_OC_SetCompareCH2
                0x00000000080052d2       0x1c Drivers/STM32F4xx_HAL_Driver/Src/stm32f4xx_ll_tim.o
 .text.LL_TIM_OC_SetCompareCH3
                0x00000000080052ee       0x1c Drivers/STM32F4xx_HAL_Driver/Src/stm32f4xx_ll_tim.o
 .text.LL_TIM_OC_SetCompareCH4
                0x000000000800530a       0x1c Drivers/STM32F4xx_HAL_Driver/Src/stm32f4xx_ll_tim.o
 .text.LL_TIM_GenerateEvent_UPDATE
                0x0000000008005326       0x20 Drivers/STM32F4xx_HAL_Driver/Src/stm32f4xx_ll_tim.o
 *fill*         0x0000000008005346        0x2 
 .text.LL_TIM_Init
                0x0000000008005348      0x134 Drivers/STM32F4xx_HAL_Driver/Src/stm32f4xx_ll_tim.o
                0x0000000008005348                LL_TIM_Init
 .text.LL_TIM_OC_Init
                0x000000000800547c       0x70 Drivers/STM32F4xx_HAL_Driver/Src/stm32f4xx_ll_tim.o
                0x000000000800547c                LL_TIM_OC_Init
 .text.OC1Config
                0x00000000080054ec       0xd8 Drivers/STM32F4xx_HAL_Driver/Src/stm32f4xx_ll_tim.o
 .text.OC2Config
                0x00000000080055c4       0xe0 Drivers/STM32F4xx_HAL_Driver/Src/stm32f4xx_ll_tim.o
 .text.OC3Config
                0x00000000080056a4       0xe0 Drivers/STM32F4xx_HAL_Driver/Src/stm32f4xx_ll_tim.o
 .text.OC4Config
                0x0000000008005784       0xb0 Drivers/STM32F4xx_HAL_Driver/Src/stm32f4xx_ll_tim.o
 .text.LL_USART_IsEnabled
                0x0000000008005834       0x28 Drivers/STM32F4xx_HAL_Driver/Src/stm32f4xx_ll_usart.o
 .text.LL_USART_SetStopBitsLength
                0x000000000800585c       0x26 Drivers/STM32F4xx_HAL_Driver/Src/stm32f4xx_ll_usart.o
 .text.LL_USART_SetHWFlowCtrl
                0x0000000008005882       0x26 Drivers/STM32F4xx_HAL_Driver/Src/stm32f4xx_ll_usart.o
 .text.LL_USART_SetBaudRate
                0x00000000080058a8      0x350 Drivers/STM32F4xx_HAL_Driver/Src/stm32f4xx_ll_usart.o
 .text.LL_USART_Init
                0x0000000008005bf8      0x100 Drivers/STM32F4xx_HAL_Driver/Src/stm32f4xx_ll_usart.o
                0x0000000008005bf8                LL_USART_Init
 .text.LL_GPIO_SetOutputPin
                0x0000000008005cf8       0x1c Src/AT24C08.o
 .text.LL_GPIO_ResetOutputPin
                0x0000000008005d14       0x1e Src/AT24C08.o
 *fill*         0x0000000008005d32        0x2 
 .text.AT24C08_Page_Write
                0x0000000008005d34       0x70 Src/AT24C08.o
                0x0000000008005d34                AT24C08_Page_Write
 .text.AT24C08_Page_Read
                0x0000000008005da4       0x50 Src/AT24C08.o
                0x0000000008005da4                AT24C08_Page_Read
 .text.EP_PIDGain_Write
                0x0000000008005df4      0x12c Src/AT24C08.o
                0x0000000008005df4                EP_PIDGain_Write
 .text.EP_PIDGain_Read
                0x0000000008005f20      0x138 Src/AT24C08.o
                0x0000000008005f20                EP_PIDGain_Read
 .text.LL_SPI_Enable
                0x0000000008006058       0x20 Src/BNO080.o
 .text.LL_SPI_SetStandard
                0x0000000008006078       0x26 Src/BNO080.o
 .text.LL_SPI_IsActiveFlag_RXNE
                0x000000000800609e       0x26 Src/BNO080.o
 .text.LL_SPI_IsActiveFlag_TXE
                0x00000000080060c4       0x26 Src/BNO080.o
 .text.LL_SPI_ReceiveData8
                0x00000000080060ea       0x1a Src/BNO080.o
 .text.LL_SPI_TransmitData8
                0x0000000008006104       0x24 Src/BNO080.o
 .text.LL_GPIO_IsInputPinSet
                0x0000000008006128       0x2a Src/BNO080.o
 .text.LL_GPIO_SetOutputPin
                0x0000000008006152       0x1c Src/BNO080.o
 .text.LL_GPIO_ResetOutputPin
                0x000000000800616e       0x1e Src/BNO080.o
 .text.LL_AHB1_GRP1_EnableClock
                0x000000000800618c       0x30 Src/BNO080.o
 .text.LL_APB1_GRP1_EnableClock
                0x00000000080061bc       0x30 Src/BNO080.o
 .text.BNO080_GPIO_SPI_Initialization
                0x00000000080061ec      0x174 Src/BNO080.o
                0x00000000080061ec                BNO080_GPIO_SPI_Initialization
 .text.BNO080_Initialization
                0x0000000008006360       0xe8 Src/BNO080.o
                0x0000000008006360                BNO080_Initialization
 .text.SPI2_SendByte
                0x0000000008006448       0x44 Src/BNO080.o
                0x0000000008006448                SPI2_SendByte
 .text.BNO080_dataAvailable
                0x000000000800648c       0x5c Src/BNO080.o
                0x000000000800648c                BNO080_dataAvailable
 .text.BNO080_parseCommandReport
                0x00000000080064e8       0x38 Src/BNO080.o
                0x00000000080064e8                BNO080_parseCommandReport
 .text.BNO080_parseInputReport
                0x0000000008006520      0x284 Src/BNO080.o
                0x0000000008006520                BNO080_parseInputReport
 .text.BNO080_getQuatI
                0x00000000080067a4       0x2c Src/BNO080.o
                0x00000000080067a4                BNO080_getQuatI
 .text.BNO080_getQuatJ
                0x00000000080067d0       0x2c Src/BNO080.o
                0x00000000080067d0                BNO080_getQuatJ
 .text.BNO080_getQuatK
                0x00000000080067fc       0x2c Src/BNO080.o
                0x00000000080067fc                BNO080_getQuatK
 .text.BNO080_getQuatReal
                0x0000000008006828       0x2c Src/BNO080.o
                0x0000000008006828                BNO080_getQuatReal
 .text.BNO080_getQuatRadianAccuracy
                0x0000000008006854       0x2c Src/BNO080.o
                0x0000000008006854                BNO080_getQuatRadianAccuracy
 .text.BNO080_getQuatAccuracy
                0x0000000008006880       0x18 Src/BNO080.o
                0x0000000008006880                BNO080_getQuatAccuracy
 .text.BNO080_getMagX
                0x0000000008006898       0x2c Src/BNO080.o
                0x0000000008006898                BNO080_getMagX
 .text.BNO080_getMagY
                0x00000000080068c4       0x2c Src/BNO080.o
                0x00000000080068c4                BNO080_getMagY
 .text.BNO080_getMagZ
                0x00000000080068f0       0x2c Src/BNO080.o
                0x00000000080068f0                BNO080_getMagZ
 .text.BNO080_getMagAccuracy
                0x000000000800691c       0x18 Src/BNO080.o
                0x000000000800691c                BNO080_getMagAccuracy
 .text.BNO080_qToFloat
                0x0000000008006934       0x4e Src/BNO080.o
                0x0000000008006934                BNO080_qToFloat
 .text.BNO080_enableGameRotationVector
                0x0000000008006982       0x1e Src/BNO080.o
                0x0000000008006982                BNO080_enableGameRotationVector
 .text.BNO080_enableMagnetometer
                0x00000000080069a0       0x1e Src/BNO080.o
                0x00000000080069a0                BNO080_enableMagnetometer
 .text.BNO080_calibrateAll
                0x00000000080069be        0xe Src/BNO080.o
                0x00000000080069be                BNO080_calibrateAll
 .text.BNO080_calibrationComplete
                0x00000000080069cc       0x20 Src/BNO080.o
                0x00000000080069cc                BNO080_calibrationComplete
 .text.BNO080_setFeatureCommand
                0x00000000080069ec       0xa4 Src/BNO080.o
                0x00000000080069ec                BNO080_setFeatureCommand
 .text.BNO080_sendCommand
                0x0000000008006a90       0x40 Src/BNO080.o
                0x0000000008006a90                BNO080_sendCommand
 .text.BNO080_sendCalibrateCommand
                0x0000000008006ad0       0x90 Src/BNO080.o
                0x0000000008006ad0                BNO080_sendCalibrateCommand
 .text.BNO080_requestCalibrationStatus
                0x0000000008006b60       0x38 Src/BNO080.o
                0x0000000008006b60                BNO080_requestCalibrationStatus
 .text.BNO080_saveCalibration
                0x0000000008006b98       0x34 Src/BNO080.o
                0x0000000008006b98                BNO080_saveCalibration
 .text.BNO080_waitForSPI
                0x0000000008006bcc       0x48 Src/BNO080.o
                0x0000000008006bcc                BNO080_waitForSPI
 .text.BNO080_receivePacket
                0x0000000008006c14       0xe0 Src/BNO080.o
                0x0000000008006c14                BNO080_receivePacket
 .text.BNO080_sendPacket
                0x0000000008006cf4       0xa0 Src/BNO080.o
                0x0000000008006cf4                BNO080_sendPacket
 .text.iBus_Check_CHKSUM
                0x0000000008006d94       0x6c Src/FS-iA6B.o
                0x0000000008006d94                iBus_Check_CHKSUM
 .text.iBus_Parsing
                0x0000000008006e00       0xf0 Src/FS-iA6B.o
                0x0000000008006e00                iBus_Parsing
 .text.iBus_isActiveFailsafe
                0x0000000008006ef0       0x22 Src/FS-iA6B.o
                0x0000000008006ef0                iBus_isActiveFailsafe
 .text.LL_SPI_Enable
                0x0000000008006f12       0x20 Src/ICM20602.o
 .text.LL_SPI_SetStandard
                0x0000000008006f32       0x26 Src/ICM20602.o
 .text.LL_SPI_IsActiveFlag_RXNE
                0x0000000008006f58       0x26 Src/ICM20602.o
 .text.LL_SPI_IsActiveFlag_TXE
                0x0000000008006f7e       0x26 Src/ICM20602.o
 .text.LL_SPI_ReceiveData8
                0x0000000008006fa4       0x1a Src/ICM20602.o
 .text.LL_SPI_TransmitData8
                0x0000000008006fbe       0x24 Src/ICM20602.o
 .text.LL_GPIO_IsInputPinSet
                0x0000000008006fe2       0x2a Src/ICM20602.o
 .text.LL_GPIO_SetOutputPin
                0x000000000800700c       0x1c Src/ICM20602.o
 .text.LL_GPIO_ResetOutputPin
                0x0000000008007028       0x1e Src/ICM20602.o
 *fill*         0x0000000008007046        0x2 
 .text.LL_AHB1_GRP1_EnableClock
                0x0000000008007048       0x30 Src/ICM20602.o
 .text.LL_APB2_GRP1_EnableClock
                0x0000000008007078       0x30 Src/ICM20602.o
 .text.ICM20602_GPIO_SPI_Initialization
                0x00000000080070a8       0xf8 Src/ICM20602.o
                0x00000000080070a8                ICM20602_GPIO_SPI_Initialization
 .text.SPI1_SendByte
                0x00000000080071a0       0x44 Src/ICM20602.o
                0x00000000080071a0                SPI1_SendByte
 .text.ICM20602_Readbyte
                0x00000000080071e4       0x40 Src/ICM20602.o
                0x00000000080071e4                ICM20602_Readbyte
 .text.ICM20602_Readbytes
                0x0000000008007224       0x5c Src/ICM20602.o
                0x0000000008007224                ICM20602_Readbytes
 .text.ICM20602_Writebyte
                0x0000000008007280       0x44 Src/ICM20602.o
                0x0000000008007280                ICM20602_Writebyte
 .text.ICM20602_Initialization
                0x00000000080072c4       0xfc Src/ICM20602.o
                0x00000000080072c4                ICM20602_Initialization
 .text.ICM20602_Get3AxisGyroRawData
                0x00000000080073c0       0x58 Src/ICM20602.o
                0x00000000080073c0                ICM20602_Get3AxisGyroRawData
 .text.ICM20602_DataReady
                0x0000000008007418       0x18 Src/ICM20602.o
                0x0000000008007418                ICM20602_DataReady
 .text.LL_SPI_Enable
                0x0000000008007430       0x20 Src/LPS22HH.o
 .text.LL_SPI_SetStandard
                0x0000000008007450       0x26 Src/LPS22HH.o
 .text.LL_SPI_IsActiveFlag_RXNE
                0x0000000008007476       0x26 Src/LPS22HH.o
 .text.LL_SPI_IsActiveFlag_TXE
                0x000000000800749c       0x26 Src/LPS22HH.o
 .text.LL_SPI_ReceiveData8
                0x00000000080074c2       0x1a Src/LPS22HH.o
 .text.LL_SPI_TransmitData8
                0x00000000080074dc       0x24 Src/LPS22HH.o
 .text.LL_GPIO_IsInputPinSet
                0x0000000008007500       0x2a Src/LPS22HH.o
 .text.LL_GPIO_SetOutputPin
                0x000000000800752a       0x1c Src/LPS22HH.o
 .text.LL_GPIO_ResetOutputPin
                0x0000000008007546       0x1e Src/LPS22HH.o
 .text.LL_AHB1_GRP1_EnableClock
                0x0000000008007564       0x30 Src/LPS22HH.o
 .text.LL_APB1_GRP1_EnableClock
                0x0000000008007594       0x30 Src/LPS22HH.o
 .text.LPS22HH_GPIO_SPI_Initialization
                0x00000000080075c4       0xf0 Src/LPS22HH.o
                0x00000000080075c4                LPS22HH_GPIO_SPI_Initialization
 .text.SPI3_SendByte
                0x00000000080076b4       0x44 Src/LPS22HH.o
                0x00000000080076b4                SPI3_SendByte
 .text.LPS22HH_Readbyte
                0x00000000080076f8       0x40 Src/LPS22HH.o
                0x00000000080076f8                LPS22HH_Readbyte
 .text.LPS22HH_Readbytes
                0x0000000008007738       0x5c Src/LPS22HH.o
                0x0000000008007738                LPS22HH_Readbytes
 .text.LPS22HH_Writebyte
                0x0000000008007794       0x44 Src/LPS22HH.o
                0x0000000008007794                LPS22HH_Writebyte
 .text.LPS22HH_Initialization
                0x00000000080077d8      0x120 Src/LPS22HH.o
                0x00000000080077d8                LPS22HH_Initialization
 .text.LPS22HH_DataReady
                0x00000000080078f8       0x18 Src/LPS22HH.o
                0x00000000080078f8                LPS22HH_DataReady
 .text.LPS22HH_GetPressure
                0x0000000008007910       0x1a Src/LPS22HH.o
                0x0000000008007910                LPS22HH_GetPressure
 .text.LPS22HH_GetTemperature
                0x000000000800792a       0x1a Src/LPS22HH.o
                0x000000000800792a                LPS22HH_GetTemperature
 .text.getAltitude2
                0x0000000008007944       0x68 Src/LPS22HH.o
                0x0000000008007944                getAltitude2
 .text.__NVIC_GetPriorityGrouping
                0x00000000080079ac       0x1c Src/M8N.o
 .text.__NVIC_EnableIRQ
                0x00000000080079c8       0x3c Src/M8N.o
 .text.__NVIC_SetPriority
                0x0000000008007a04       0x54 Src/M8N.o
 .text.NVIC_EncodePriority
                0x0000000008007a58       0x66 Src/M8N.o
 .text.LL_USART_Enable
                0x0000000008007abe       0x20 Src/M8N.o
 .text.LL_USART_ConfigAsyncMode
                0x0000000008007ade       0x2c Src/M8N.o
 .text.LL_USART_IsActiveFlag_TXE
                0x0000000008007b0a       0x26 Src/M8N.o
 .text.LL_USART_TransmitData8
                0x0000000008007b30       0x1e Src/M8N.o
 *fill*         0x0000000008007b4e        0x2 
 .text.LL_AHB1_GRP1_EnableClock
                0x0000000008007b50       0x30 Src/M8N.o
 .text.LL_APB1_GRP1_EnableClock
                0x0000000008007b80       0x30 Src/M8N.o
 .text.M8N_TransmitData
                0x0000000008007bb0       0x4c Src/M8N.o
                0x0000000008007bb0                M8N_TransmitData
 .text.M8N_UART4_Initialization
                0x0000000008007bfc       0xc4 Src/M8N.o
                0x0000000008007bfc                M8N_UART4_Initialization
 .text.M8N_Initialization
                0x0000000008007cc0       0x50 Src/M8N.o
                0x0000000008007cc0                M8N_Initialization
 .text.M8N_UBX_CHKSUM_Check
                0x0000000008007d10       0x74 Src/M8N.o
                0x0000000008007d10                M8N_UBX_CHKSUM_Check
 .text.M8N_UBX_NAV_POSLLH_Parsing
                0x0000000008007d84      0x16e Src/M8N.o
                0x0000000008007d84                M8N_UBX_NAV_POSLLH_Parsing
 *fill*         0x0000000008007ef2        0x2 
 .text.Double_Roll_Pitch_PID_Calculation
                0x0000000008007ef4      0x274 Src/PID control.o
                0x0000000008007ef4                Double_Roll_Pitch_PID_Calculation
 .text.Single_Yaw_Heading_PID_Calculation
                0x0000000008008168      0x134 Src/PID control.o
                0x0000000008008168                Single_Yaw_Heading_PID_Calculation
 .text.Single_Yaw_Rate_PID_Calculation
                0x000000000800829c       0xec Src/PID control.o
                0x000000000800829c                Single_Yaw_Rate_PID_Calculation
 .text.Reset_PID_Integrator
                0x0000000008008388       0x1c Src/PID control.o
                0x0000000008008388                Reset_PID_Integrator
 .text.Reset_All_PID_Integrator
                0x00000000080083a4       0x44 Src/PID control.o
                0x00000000080083a4                Reset_All_PID_Integrator
 .text.Quaternion_Update
                0x00000000080083e8      0x2a4 Src/Quaternion.o
                0x00000000080083e8                Quaternion_Update
 .text.invSqrt  0x000000000800868c       0x78 Src/Quaternion.o
                0x000000000800868c                invSqrt
 .text.MX_ADC1_Init
                0x0000000008008704       0xa4 Src/adc.o
                0x0000000008008704                MX_ADC1_Init
 .text.HAL_ADC_MspInit
                0x00000000080087a8       0xec Src/adc.o
                0x00000000080087a8                HAL_ADC_MspInit
 .text.MX_DMA_Init
                0x0000000008008894       0x40 Src/dma.o
                0x0000000008008894                MX_DMA_Init
 .text.LL_GPIO_SetOutputPin
                0x00000000080088d4       0x1c Src/gpio.o
 .text.LL_GPIO_ResetOutputPin
                0x00000000080088f0       0x1e Src/gpio.o
 *fill*         0x000000000800890e        0x2 
 .text.LL_AHB1_GRP1_EnableClock
                0x0000000008008910       0x30 Src/gpio.o
 .text.MX_GPIO_Init
                0x0000000008008940      0x100 Src/gpio.o
                0x0000000008008940                MX_GPIO_Init
 .text.MX_I2C1_Init
                0x0000000008008a40       0x5c Src/i2c.o
                0x0000000008008a40                MX_I2C1_Init
 .text.HAL_I2C_MspInit
                0x0000000008008a9c       0x90 Src/i2c.o
                0x0000000008008a9c                HAL_I2C_MspInit
 .text.LL_TIM_EnableCounter
                0x0000000008008b2c       0x20 Src/main.o
 .text.LL_TIM_CC_EnableChannel
                0x0000000008008b4c       0x22 Src/main.o
 .text.LL_TIM_CC_DisableChannel
                0x0000000008008b6e       0x24 Src/main.o
 .text.LL_TIM_EnableIT_UPDATE
                0x0000000008008b92       0x20 Src/main.o
 .text.LL_USART_IsActiveFlag_TXE
                0x0000000008008bb2       0x26 Src/main.o
 .text.LL_USART_EnableIT_RXNE
                0x0000000008008bd8       0x20 Src/main.o
 .text.LL_USART_TransmitData8
                0x0000000008008bf8       0x1e Src/main.o
 .text.LL_GPIO_SetOutputPin
                0x0000000008008c16       0x1c Src/main.o
 .text.LL_GPIO_ResetOutputPin
                0x0000000008008c32       0x1e Src/main.o
 .text.LL_GPIO_TogglePin
                0x0000000008008c50       0x22 Src/main.o
 *fill*         0x0000000008008c72        0x2 
 .text._write   0x0000000008008c74       0x4c Src/main.o
                0x0000000008008c74                _write
 .text.main     0x0000000008008cc0     0x1830 Src/main.o
                0x0000000008008cc0                main
 .text.SystemClock_Config
                0x000000000800a4f0       0xd4 Src/main.o
                0x000000000800a4f0                SystemClock_Config
 .text.Is_iBus_Throttle_Min
                0x000000000800a5c4       0x4c Src/main.o
                0x000000000800a5c4                Is_iBus_Throttle_Min
 .text.ESC_Calibration
                0x000000000800a610       0x5c Src/main.o
                0x000000000800a610                ESC_Calibration
 .text.Is_iBus_Received
                0x000000000800a66c       0x40 Src/main.o
                0x000000000800a66c                Is_iBus_Received
 .text.BNO080_Calibration
                0x000000000800a6ac      0x2dc Src/main.o
                0x000000000800a6ac                BNO080_Calibration
 .text.HAL_UART_RxCpltCallback
                0x000000000800a988       0xdc Src/main.o
                0x000000000800a988                HAL_UART_RxCpltCallback
 .text.Encode_Msg_AHRS
                0x000000000800aa64      0x2f8 Src/main.o
                0x000000000800aa64                Encode_Msg_AHRS
 .text.Encode_Msg_GPS
                0x000000000800ad5c      0x180 Src/main.o
                0x000000000800ad5c                Encode_Msg_GPS
 .text.Encode_Msg_PID_Gain
                0x000000000800aedc       0xa4 Src/main.o
                0x000000000800aedc                Encode_Msg_PID_Gain
 .text.Error_Handler
                0x000000000800af80        0xe Src/main.o
                0x000000000800af80                Error_Handler
 .text.LL_SPI_SetStandard
                0x000000000800af8e       0x26 Src/spi.o
 .text.LL_AHB1_GRP1_EnableClock
                0x000000000800afb4       0x30 Src/spi.o
 .text.LL_APB1_GRP1_EnableClock
                0x000000000800afe4       0x30 Src/spi.o
 .text.LL_APB2_GRP1_EnableClock
                0x000000000800b014       0x30 Src/spi.o
 .text.MX_SPI1_Init
                0x000000000800b044       0xa4 Src/spi.o
                0x000000000800b044                MX_SPI1_Init
 .text.MX_SPI2_Init
                0x000000000800b0e8       0xa8 Src/spi.o
                0x000000000800b0e8                MX_SPI2_Init
 .text.MX_SPI3_Init
                0x000000000800b190       0xa4 Src/spi.o
                0x000000000800b190                MX_SPI3_Init
 .text.HAL_MspInit
                0x000000000800b234       0x50 Src/stm32f4xx_hal_msp.o
                0x000000000800b234                HAL_MspInit
 .text.LL_TIM_ClearFlag_UPDATE
                0x000000000800b284       0x1c Src/stm32f4xx_it.o
 .text.LL_TIM_IsActiveFlag_UPDATE
                0x000000000800b2a0       0x26 Src/stm32f4xx_it.o
 .text.LL_USART_IsActiveFlag_RXNE
                0x000000000800b2c6       0x26 Src/stm32f4xx_it.o
 .text.LL_USART_ClearFlag_RXNE
                0x000000000800b2ec       0x1c Src/stm32f4xx_it.o
 .text.LL_USART_ReceiveData8
                0x000000000800b308       0x1a Src/stm32f4xx_it.o
 .text.NMI_Handler
                0x000000000800b322        0xe Src/stm32f4xx_it.o
                0x000000000800b322                NMI_Handler
 .text.HardFault_Handler
                0x000000000800b330        0x6 Src/stm32f4xx_it.o
                0x000000000800b330                HardFault_Handler
 .text.MemManage_Handler
                0x000000000800b336        0x6 Src/stm32f4xx_it.o
                0x000000000800b336                MemManage_Handler
 .text.BusFault_Handler
                0x000000000800b33c        0x6 Src/stm32f4xx_it.o
                0x000000000800b33c                BusFault_Handler
 .text.UsageFault_Handler
                0x000000000800b342        0x6 Src/stm32f4xx_it.o
                0x000000000800b342                UsageFault_Handler
 .text.SVC_Handler
                0x000000000800b348        0xe Src/stm32f4xx_it.o
                0x000000000800b348                SVC_Handler
 .text.DebugMon_Handler
                0x000000000800b356        0xe Src/stm32f4xx_it.o
                0x000000000800b356                DebugMon_Handler
 .text.PendSV_Handler
                0x000000000800b364        0xe Src/stm32f4xx_it.o
                0x000000000800b364                PendSV_Handler
 .text.SysTick_Handler
                0x000000000800b372        0xc Src/stm32f4xx_it.o
                0x000000000800b372                SysTick_Handler
 *fill*         0x000000000800b37e        0x2 
 .text.USART1_IRQHandler
                0x000000000800b380       0x14 Src/stm32f4xx_it.o
                0x000000000800b380                USART1_IRQHandler
 .text.UART4_IRQHandler
                0x000000000800b394       0xe4 Src/stm32f4xx_it.o
                0x000000000800b394                UART4_IRQHandler
 .text.UART5_IRQHandler
                0x000000000800b478       0xe4 Src/stm32f4xx_it.o
                0x000000000800b478                UART5_IRQHandler
 .text.TIM7_IRQHandler
                0x000000000800b55c       0xc0 Src/stm32f4xx_it.o
                0x000000000800b55c                TIM7_IRQHandler
 .text.DMA2_Stream0_IRQHandler
                0x000000000800b61c       0x14 Src/stm32f4xx_it.o
                0x000000000800b61c                DMA2_Stream0_IRQHandler
 .text.USART6_IRQHandler
                0x000000000800b630       0x3c Src/stm32f4xx_it.o
                0x000000000800b630                USART6_IRQHandler
 .text._read    0x000000000800b66c       0x3a Src/syscalls.o
                0x000000000800b66c                _read
 .text._close   0x000000000800b6a6       0x18 Src/syscalls.o
                0x000000000800b6a6                _close
 .text._fstat   0x000000000800b6be       0x20 Src/syscalls.o
                0x000000000800b6be                _fstat
 .text._isatty  0x000000000800b6de       0x16 Src/syscalls.o
                0x000000000800b6de                _isatty
 .text._lseek   0x000000000800b6f4       0x1a Src/syscalls.o
                0x000000000800b6f4                _lseek
 *fill*         0x000000000800b70e        0x2 
 .text._sbrk    0x000000000800b710       0x58 Src/sysmem.o
                0x000000000800b710                _sbrk
 .text.SystemInit
                0x000000000800b768       0x6c Src/system_stm32f4xx.o
                0x000000000800b768                SystemInit
 .text.__NVIC_GetPriorityGrouping
                0x000000000800b7d4       0x1c Src/tim.o
 .text.__NVIC_EnableIRQ
                0x000000000800b7f0       0x3c Src/tim.o
 .text.__NVIC_SetPriority
                0x000000000800b82c       0x54 Src/tim.o
 .text.NVIC_EncodePriority
                0x000000000800b880       0x66 Src/tim.o
 .text.LL_TIM_EnableARRPreload
                0x000000000800b8e6       0x20 Src/tim.o
 *fill*         0x000000000800b906        0x2 
 .text.LL_TIM_OC_EnableFast
                0x000000000800b908       0x84 Src/tim.o
 .text.LL_TIM_OC_EnablePreload
                0x000000000800b98c       0x84 Src/tim.o
 .text.LL_TIM_SetClockSource
                0x000000000800ba10       0x2a Src/tim.o
 .text.LL_TIM_SetTriggerOutput
                0x000000000800ba3a       0x26 Src/tim.o
 .text.LL_TIM_DisableMasterSlaveMode
                0x000000000800ba60       0x20 Src/tim.o
 .text.LL_AHB1_GRP1_EnableClock
                0x000000000800ba80       0x30 Src/tim.o
 .text.LL_APB1_GRP1_EnableClock
                0x000000000800bab0       0x30 Src/tim.o
 .text.MX_TIM3_Init
                0x000000000800bae0       0xe4 Src/tim.o
                0x000000000800bae0                MX_TIM3_Init
 .text.MX_TIM5_Init
                0x000000000800bbc4      0x15c Src/tim.o
                0x000000000800bbc4                MX_TIM5_Init
 .text.MX_TIM7_Init
                0x000000000800bd20       0x74 Src/tim.o
                0x000000000800bd20                MX_TIM7_Init
 .text.__NVIC_GetPriorityGrouping
                0x000000000800bd94       0x1c Src/usart.o
 .text.__NVIC_EnableIRQ
                0x000000000800bdb0       0x3c Src/usart.o
 .text.__NVIC_SetPriority
                0x000000000800bdec       0x54 Src/usart.o
 .text.NVIC_EncodePriority
                0x000000000800be40       0x66 Src/usart.o
 .text.LL_USART_Enable
                0x000000000800bea6       0x20 Src/usart.o
 .text.LL_USART_ConfigAsyncMode
                0x000000000800bec6       0x2c Src/usart.o
 *fill*         0x000000000800bef2        0x2 
 .text.LL_AHB1_GRP1_EnableClock
                0x000000000800bef4       0x30 Src/usart.o
 .text.LL_APB1_GRP1_EnableClock
                0x000000000800bf24       0x30 Src/usart.o
 .text.LL_APB2_GRP1_EnableClock
                0x000000000800bf54       0x30 Src/usart.o
 .text.MX_UART4_Init
                0x000000000800bf84       0xc4 Src/usart.o
                0x000000000800bf84                MX_UART4_Init
 .text.MX_UART5_Init
                0x000000000800c048       0xf0 Src/usart.o
                0x000000000800c048                MX_UART5_Init
 .text.MX_USART1_UART_Init
                0x000000000800c138       0x54 Src/usart.o
                0x000000000800c138                MX_USART1_UART_Init
 .text.MX_USART6_UART_Init
                0x000000000800c18c       0xc0 Src/usart.o
                0x000000000800c18c                MX_USART6_UART_Init
 .text.HAL_UART_MspInit
                0x000000000800c24c       0xa0 Src/usart.o
                0x000000000800c24c                HAL_UART_MspInit
 .text.Reset_Handler
                0x000000000800c2ec       0x50 Startup/startup_stm32f405rgtx.o
                0x000000000800c2ec                Reset_Handler
 .text.Default_Handler
                0x000000000800c33c        0x2 Startup/startup_stm32f405rgtx.o
                0x000000000800c33c                RTC_Alarm_IRQHandler
                0x000000000800c33c                HASH_RNG_IRQHandler
                0x000000000800c33c                EXTI2_IRQHandler
                0x000000000800c33c                TIM8_CC_IRQHandler
                0x000000000800c33c                TIM1_CC_IRQHandler
                0x000000000800c33c                DMA2_Stream5_IRQHandler
                0x000000000800c33c                DMA1_Stream5_IRQHandler
                0x000000000800c33c                PVD_IRQHandler
                0x000000000800c33c                SDIO_IRQHandler
                0x000000000800c33c                TAMP_STAMP_IRQHandler
                0x000000000800c33c                CAN2_RX1_IRQHandler
                0x000000000800c33c                EXTI3_IRQHandler
                0x000000000800c33c                TIM8_TRG_COM_TIM14_IRQHandler
                0x000000000800c33c                TIM1_UP_TIM10_IRQHandler
                0x000000000800c33c                TIM8_UP_TIM13_IRQHandler
                0x000000000800c33c                I2C3_ER_IRQHandler
                0x000000000800c33c                EXTI0_IRQHandler
                0x000000000800c33c                I2C2_EV_IRQHandler
                0x000000000800c33c                DMA1_Stream2_IRQHandler
                0x000000000800c33c                CAN1_RX0_IRQHandler
                0x000000000800c33c                FPU_IRQHandler
                0x000000000800c33c                OTG_HS_WKUP_IRQHandler
                0x000000000800c33c                CAN2_SCE_IRQHandler
                0x000000000800c33c                DMA2_Stream2_IRQHandler
                0x000000000800c33c                SPI1_IRQHandler
                0x000000000800c33c                TIM6_DAC_IRQHandler
                0x000000000800c33c                TIM1_BRK_TIM9_IRQHandler
                0x000000000800c33c                CAN2_RX0_IRQHandler
                0x000000000800c33c                DMA2_Stream3_IRQHandler
                0x000000000800c33c                USART3_IRQHandler
                0x000000000800c33c                CAN1_RX1_IRQHandler
                0x000000000800c33c                TIM4_IRQHandler
                0x000000000800c33c                I2C1_EV_IRQHandler
                0x000000000800c33c                DMA1_Stream6_IRQHandler
                0x000000000800c33c                DMA1_Stream1_IRQHandler
                0x000000000800c33c                TIM3_IRQHandler
                0x000000000800c33c                RCC_IRQHandler
                0x000000000800c33c                TIM8_BRK_TIM12_IRQHandler
                0x000000000800c33c                Default_Handler
                0x000000000800c33c                EXTI15_10_IRQHandler
                0x000000000800c33c                ADC_IRQHandler
                0x000000000800c33c                DMA1_Stream7_IRQHandler
                0x000000000800c33c                CAN2_TX_IRQHandler
                0x000000000800c33c                TIM5_IRQHandler
                0x000000000800c33c                DMA2_Stream7_IRQHandler
                0x000000000800c33c                I2C3_EV_IRQHandler
                0x000000000800c33c                EXTI9_5_IRQHandler
                0x000000000800c33c                RTC_WKUP_IRQHandler
                0x000000000800c33c                SPI2_IRQHandler
                0x000000000800c33c                OTG_HS_EP1_IN_IRQHandler
                0x000000000800c33c                DMA1_Stream0_IRQHandler
                0x000000000800c33c                CAN1_TX_IRQHandler
                0x000000000800c33c                EXTI4_IRQHandler
                0x000000000800c33c                FSMC_IRQHandler
                0x000000000800c33c                OTG_HS_EP1_OUT_IRQHandler
                0x000000000800c33c                WWDG_IRQHandler
                0x000000000800c33c                TIM2_IRQHandler
                0x000000000800c33c                OTG_FS_WKUP_IRQHandler
                0x000000000800c33c                TIM1_TRG_COM_TIM11_IRQHandler
                0x000000000800c33c                OTG_HS_IRQHandler
                0x000000000800c33c                EXTI1_IRQHandler
                0x000000000800c33c                USART2_IRQHandler
                0x000000000800c33c                I2C2_ER_IRQHandler
                0x000000000800c33c                DMA2_Stream1_IRQHandler
                0x000000000800c33c                CAN1_SCE_IRQHandler
                0x000000000800c33c                FLASH_IRQHandler
                0x000000000800c33c                DMA2_Stream4_IRQHandler
                0x000000000800c33c                OTG_FS_IRQHandler
                0x000000000800c33c                SPI3_IRQHandler
                0x000000000800c33c                DMA1_Stream4_IRQHandler
                0x000000000800c33c                I2C1_ER_IRQHandler
                0x000000000800c33c                DMA2_Stream6_IRQHandler
                0x000000000800c33c                DMA1_Stream3_IRQHandler
 *fill*         0x000000000800c33e        0x2 
 .text.__errno  0x000000000800c340        0xc c:/st/stm32cubeide_1.1.0/stm32cubeide/plugins/com.st.stm32cube.ide.mcu.externaltools.gnu-tools-for-stm32.7-2018-q2-update.win32_1.0.0.201904181610/tools/bin/../lib/gcc/arm-none-eabi/7.3.1/../../../../arm-none-eabi/lib/thumb/v7e-m/fpv4-sp/hard\libc_nano.a(lib_a-errno.o)
                0x000000000800c340                __errno
 .text.__libc_init_array
                0x000000000800c34c       0x48 c:/st/stm32cubeide_1.1.0/stm32cubeide/plugins/com.st.stm32cube.ide.mcu.externaltools.gnu-tools-for-stm32.7-2018-q2-update.win32_1.0.0.201904181610/tools/bin/../lib/gcc/arm-none-eabi/7.3.1/../../../../arm-none-eabi/lib/thumb/v7e-m/fpv4-sp/hard\libc_nano.a(lib_a-init.o)
                0x000000000800c34c                __libc_init_array
 .text.memset   0x000000000800c394       0x10 c:/st/stm32cubeide_1.1.0/stm32cubeide/plugins/com.st.stm32cube.ide.mcu.externaltools.gnu-tools-for-stm32.7-2018-q2-update.win32_1.0.0.201904181610/tools/bin/../lib/gcc/arm-none-eabi/7.3.1/../../../../arm-none-eabi/lib/thumb/v7e-m/fpv4-sp/hard\libc_nano.a(lib_a-memset.o)
                0x000000000800c394                memset
 .text.__cvt    0x000000000800c3a4       0xc2 c:/st/stm32cubeide_1.1.0/stm32cubeide/plugins/com.st.stm32cube.ide.mcu.externaltools.gnu-tools-for-stm32.7-2018-q2-update.win32_1.0.0.201904181610/tools/bin/../lib/gcc/arm-none-eabi/7.3.1/../../../../arm-none-eabi/lib/thumb/v7e-m/fpv4-sp/hard\libc_nano.a(lib_a-nano-vfprintf_float.o)
                0x000000000800c3a4                __cvt
 .text.__exponent
                0x000000000800c466       0x66 c:/st/stm32cubeide_1.1.0/stm32cubeide/plugins/com.st.stm32cube.ide.mcu.externaltools.gnu-tools-for-stm32.7-2018-q2-update.win32_1.0.0.201904181610/tools/bin/../lib/gcc/arm-none-eabi/7.3.1/../../../../arm-none-eabi/lib/thumb/v7e-m/fpv4-sp/hard\libc_nano.a(lib_a-nano-vfprintf_float.o)
                0x000000000800c466                __exponent
 .text._printf_float
                0x000000000800c4cc      0x480 c:/st/stm32cubeide_1.1.0/stm32cubeide/plugins/com.st.stm32cube.ide.mcu.externaltools.gnu-tools-for-stm32.7-2018-q2-update.win32_1.0.0.201904181610/tools/bin/../lib/gcc/arm-none-eabi/7.3.1/../../../../arm-none-eabi/lib/thumb/v7e-m/fpv4-sp/hard\libc_nano.a(lib_a-nano-vfprintf_float.o)
                0x000000000800c4cc                _printf_float
 .text._printf_common
                0x000000000800c94c       0xea c:/st/stm32cubeide_1.1.0/stm32cubeide/plugins/com.st.stm32cube.ide.mcu.externaltools.gnu-tools-for-stm32.7-2018-q2-update.win32_1.0.0.201904181610/tools/bin/../lib/gcc/arm-none-eabi/7.3.1/../../../../arm-none-eabi/lib/thumb/v7e-m/fpv4-sp/hard\libc_nano.a(lib_a-nano-vfprintf_i.o)
                0x000000000800c94c                _printf_common
 *fill*         0x000000000800ca36        0x2 
 .text._printf_i
                0x000000000800ca38      0x224 c:/st/stm32cubeide_1.1.0/stm32cubeide/plugins/com.st.stm32cube.ide.mcu.externaltools.gnu-tools-for-stm32.7-2018-q2-update.win32_1.0.0.201904181610/tools/bin/../lib/gcc/arm-none-eabi/7.3.1/../../../../arm-none-eabi/lib/thumb/v7e-m/fpv4-sp/hard\libc_nano.a(lib_a-nano-vfprintf_i.o)
                0x000000000800ca38                _printf_i
 .text.printf   0x000000000800cc5c       0x30 c:/st/stm32cubeide_1.1.0/stm32cubeide/plugins/com.st.stm32cube.ide.mcu.externaltools.gnu-tools-for-stm32.7-2018-q2-update.win32_1.0.0.201904181610/tools/bin/../lib/gcc/arm-none-eabi/7.3.1/../../../../arm-none-eabi/lib/thumb/v7e-m/fpv4-sp/hard\libc_nano.a(lib_a-printf.o)
                0x000000000800cc5c                iprintf
                0x000000000800cc5c                printf
 .text._puts_r  0x000000000800cc8c       0xb8 c:/st/stm32cubeide_1.1.0/stm32cubeide/plugins/com.st.stm32cube.ide.mcu.externaltools.gnu-tools-for-stm32.7-2018-q2-update.win32_1.0.0.201904181610/tools/bin/../lib/gcc/arm-none-eabi/7.3.1/../../../../arm-none-eabi/lib/thumb/v7e-m/fpv4-sp/hard\libc_nano.a(lib_a-puts.o)
                0x000000000800cc8c                _puts_r
 .text.puts     0x000000000800cd44       0x10 c:/st/stm32cubeide_1.1.0/stm32cubeide/plugins/com.st.stm32cube.ide.mcu.externaltools.gnu-tools-for-stm32.7-2018-q2-update.win32_1.0.0.201904181610/tools/bin/../lib/gcc/arm-none-eabi/7.3.1/../../../../arm-none-eabi/lib/thumb/v7e-m/fpv4-sp/hard\libc_nano.a(lib_a-puts.o)
                0x000000000800cd44                puts
 .text.__swbuf_r
                0x000000000800cd54       0xa4 c:/st/stm32cubeide_1.1.0/stm32cubeide/plugins/com.st.stm32cube.ide.mcu.externaltools.gnu-tools-for-stm32.7-2018-q2-update.win32_1.0.0.201904181610/tools/bin/../lib/gcc/arm-none-eabi/7.3.1/../../../../arm-none-eabi/lib/thumb/v7e-m/fpv4-sp/hard\libc_nano.a(lib_a-wbuf.o)
                0x000000000800cd54                __swbuf_r
 .text.__swsetup_r
                0x000000000800cdf8       0xdc c:/st/stm32cubeide_1.1.0/stm32cubeide/plugins/com.st.stm32cube.ide.mcu.externaltools.gnu-tools-for-stm32.7-2018-q2-update.win32_1.0.0.201904181610/tools/bin/../lib/gcc/arm-none-eabi/7.3.1/../../../../arm-none-eabi/lib/thumb/v7e-m/fpv4-sp/hard\libc_nano.a(lib_a-wsetup.o)
                0x000000000800cdf8                __swsetup_r
 .text.quorem   0x000000000800ced4      0x118 c:/st/stm32cubeide_1.1.0/stm32cubeide/plugins/com.st.stm32cube.ide.mcu.externaltools.gnu-tools-for-stm32.7-2018-q2-update.win32_1.0.0.201904181610/tools/bin/../lib/gcc/arm-none-eabi/7.3.1/../../../../arm-none-eabi/lib/thumb/v7e-m/fpv4-sp/hard\libc_nano.a(lib_a-dtoa.o)
 *fill*         0x000000000800cfec        0x4 
 .text._dtoa_r  0x000000000800cff0      0xb70 c:/st/stm32cubeide_1.1.0/stm32cubeide/plugins/com.st.stm32cube.ide.mcu.externaltools.gnu-tools-for-stm32.7-2018-q2-update.win32_1.0.0.201904181610/tools/bin/../lib/gcc/arm-none-eabi/7.3.1/../../../../arm-none-eabi/lib/thumb/v7e-m/fpv4-sp/hard\libc_nano.a(lib_a-dtoa.o)
                0x000000000800cff0                _dtoa_r
 .text.__sflush_r
                0x000000000800db60      0x10c c:/st/stm32cubeide_1.1.0/stm32cubeide/plugins/com.st.stm32cube.ide.mcu.externaltools.gnu-tools-for-stm32.7-2018-q2-update.win32_1.0.0.201904181610/tools/bin/../lib/gcc/arm-none-eabi/7.3.1/../../../../arm-none-eabi/lib/thumb/v7e-m/fpv4-sp/hard\libc_nano.a(lib_a-fflush.o)
                0x000000000800db60                __sflush_r
 .text._fflush_r
                0x000000000800dc6c       0x54 c:/st/stm32cubeide_1.1.0/stm32cubeide/plugins/com.st.stm32cube.ide.mcu.externaltools.gnu-tools-for-stm32.7-2018-q2-update.win32_1.0.0.201904181610/tools/bin/../lib/gcc/arm-none-eabi/7.3.1/../../../../arm-none-eabi/lib/thumb/v7e-m/fpv4-sp/hard\libc_nano.a(lib_a-fflush.o)
                0x000000000800dc6c                _fflush_r
 .text.std      0x000000000800dcc0       0x48 c:/st/stm32cubeide_1.1.0/stm32cubeide/plugins/com.st.stm32cube.ide.mcu.externaltools.gnu-tools-for-stm32.7-2018-q2-update.win32_1.0.0.201904181610/tools/bin/../lib/gcc/arm-none-eabi/7.3.1/../../../../arm-none-eabi/lib/thumb/v7e-m/fpv4-sp/hard\libc_nano.a(lib_a-findfp.o)
 .text._cleanup_r
                0x000000000800dd08        0xc c:/st/stm32cubeide_1.1.0/stm32cubeide/plugins/com.st.stm32cube.ide.mcu.externaltools.gnu-tools-for-stm32.7-2018-q2-update.win32_1.0.0.201904181610/tools/bin/../lib/gcc/arm-none-eabi/7.3.1/../../../../arm-none-eabi/lib/thumb/v7e-m/fpv4-sp/hard\libc_nano.a(lib_a-findfp.o)
                0x000000000800dd08                _cleanup_r
 .text.__sfmoreglue
                0x000000000800dd14       0x2c c:/st/stm32cubeide_1.1.0/stm32cubeide/plugins/com.st.stm32cube.ide.mcu.externaltools.gnu-tools-for-stm32.7-2018-q2-update.win32_1.0.0.201904181610/tools/bin/../lib/gcc/arm-none-eabi/7.3.1/../../../../arm-none-eabi/lib/thumb/v7e-m/fpv4-sp/hard\libc_nano.a(lib_a-findfp.o)
                0x000000000800dd14                __sfmoreglue
 .text.__sinit  0x000000000800dd40       0x60 c:/st/stm32cubeide_1.1.0/stm32cubeide/plugins/com.st.stm32cube.ide.mcu.externaltools.gnu-tools-for-stm32.7-2018-q2-update.win32_1.0.0.201904181610/tools/bin/../lib/gcc/arm-none-eabi/7.3.1/../../../../arm-none-eabi/lib/thumb/v7e-m/fpv4-sp/hard\libc_nano.a(lib_a-findfp.o)
                0x000000000800dd40                __sinit
 .text.__sfp    0x000000000800dda0       0x78 c:/st/stm32cubeide_1.1.0/stm32cubeide/plugins/com.st.stm32cube.ide.mcu.externaltools.gnu-tools-for-stm32.7-2018-q2-update.win32_1.0.0.201904181610/tools/bin/../lib/gcc/arm-none-eabi/7.3.1/../../../../arm-none-eabi/lib/thumb/v7e-m/fpv4-sp/hard\libc_nano.a(lib_a-findfp.o)
                0x000000000800dda0                __sfp
 .text._fwalk_reent
                0x000000000800de18       0x3c c:/st/stm32cubeide_1.1.0/stm32cubeide/plugins/com.st.stm32cube.ide.mcu.externaltools.gnu-tools-for-stm32.7-2018-q2-update.win32_1.0.0.201904181610/tools/bin/../lib/gcc/arm-none-eabi/7.3.1/../../../../arm-none-eabi/lib/thumb/v7e-m/fpv4-sp/hard\libc_nano.a(lib_a-fwalk.o)
                0x000000000800de18                _fwalk_reent
 .text._localeconv_r
                0x000000000800de54       0x1c c:/st/stm32cubeide_1.1.0/stm32cubeide/plugins/com.st.stm32cube.ide.mcu.externaltools.gnu-tools-for-stm32.7-2018-q2-update.win32_1.0.0.201904181610/tools/bin/../lib/gcc/arm-none-eabi/7.3.1/../../../../arm-none-eabi/lib/thumb/v7e-m/fpv4-sp/hard\libc_nano.a(lib_a-localeconv.o)
                0x000000000800de54                _localeconv_r
 .text.__swhatbuf_r
                0x000000000800de70       0x48 c:/st/stm32cubeide_1.1.0/stm32cubeide/plugins/com.st.stm32cube.ide.mcu.externaltools.gnu-tools-for-stm32.7-2018-q2-update.win32_1.0.0.201904181610/tools/bin/../lib/gcc/arm-none-eabi/7.3.1/../../../../arm-none-eabi/lib/thumb/v7e-m/fpv4-sp/hard\libc_nano.a(lib_a-makebuf.o)
                0x000000000800de70                __swhatbuf_r
 .text.__smakebuf_r
                0x000000000800deb8       0x80 c:/st/stm32cubeide_1.1.0/stm32cubeide/plugins/com.st.stm32cube.ide.mcu.externaltools.gnu-tools-for-stm32.7-2018-q2-update.win32_1.0.0.201904181610/tools/bin/../lib/gcc/arm-none-eabi/7.3.1/../../../../arm-none-eabi/lib/thumb/v7e-m/fpv4-sp/hard\libc_nano.a(lib_a-makebuf.o)
                0x000000000800deb8                __smakebuf_r
 .text.malloc   0x000000000800df38       0x10 c:/st/stm32cubeide_1.1.0/stm32cubeide/plugins/com.st.stm32cube.ide.mcu.externaltools.gnu-tools-for-stm32.7-2018-q2-update.win32_1.0.0.201904181610/tools/bin/../lib/gcc/arm-none-eabi/7.3.1/../../../../arm-none-eabi/lib/thumb/v7e-m/fpv4-sp/hard\libc_nano.a(lib_a-malloc.o)
                0x000000000800df38                malloc
 .text.memcpy   0x000000000800df48       0x16 c:/st/stm32cubeide_1.1.0/stm32cubeide/plugins/com.st.stm32cube.ide.mcu.externaltools.gnu-tools-for-stm32.7-2018-q2-update.win32_1.0.0.201904181610/tools/bin/../lib/gcc/arm-none-eabi/7.3.1/../../../../arm-none-eabi/lib/thumb/v7e-m/fpv4-sp/hard\libc_nano.a(lib_a-memcpy-stub.o)
                0x000000000800df48                memcpy
 .text._Balloc  0x000000000800df5e       0x68 c:/st/stm32cubeide_1.1.0/stm32cubeide/plugins/com.st.stm32cube.ide.mcu.externaltools.gnu-tools-for-stm32.7-2018-q2-update.win32_1.0.0.201904181610/tools/bin/../lib/gcc/arm-none-eabi/7.3.1/../../../../arm-none-eabi/lib/thumb/v7e-m/fpv4-sp/hard\libc_nano.a(lib_a-mprec.o)
                0x000000000800df5e                _Balloc
 .text._Bfree   0x000000000800dfc6       0x2e c:/st/stm32cubeide_1.1.0/stm32cubeide/plugins/com.st.stm32cube.ide.mcu.externaltools.gnu-tools-for-stm32.7-2018-q2-update.win32_1.0.0.201904181610/tools/bin/../lib/gcc/arm-none-eabi/7.3.1/../../../../arm-none-eabi/lib/thumb/v7e-m/fpv4-sp/hard\libc_nano.a(lib_a-mprec.o)
                0x000000000800dfc6                _Bfree
 .text.__multadd
                0x000000000800dff4       0x76 c:/st/stm32cubeide_1.1.0/stm32cubeide/plugins/com.st.stm32cube.ide.mcu.externaltools.gnu-tools-for-stm32.7-2018-q2-update.win32_1.0.0.201904181610/tools/bin/../lib/gcc/arm-none-eabi/7.3.1/../../../../arm-none-eabi/lib/thumb/v7e-m/fpv4-sp/hard\libc_nano.a(lib_a-mprec.o)
                0x000000000800dff4                __multadd
 .text.__hi0bits
                0x000000000800e06a       0x3e c:/st/stm32cubeide_1.1.0/stm32cubeide/plugins/com.st.stm32cube.ide.mcu.externaltools.gnu-tools-for-stm32.7-2018-q2-update.win32_1.0.0.201904181610/tools/bin/../lib/gcc/arm-none-eabi/7.3.1/../../../../arm-none-eabi/lib/thumb/v7e-m/fpv4-sp/hard\libc_nano.a(lib_a-mprec.o)
                0x000000000800e06a                __hi0bits
 .text.__lo0bits
                0x000000000800e0a8       0x5e c:/st/stm32cubeide_1.1.0/stm32cubeide/plugins/com.st.stm32cube.ide.mcu.externaltools.gnu-tools-for-stm32.7-2018-q2-update.win32_1.0.0.201904181610/tools/bin/../lib/gcc/arm-none-eabi/7.3.1/../../../../arm-none-eabi/lib/thumb/v7e-m/fpv4-sp/hard\libc_nano.a(lib_a-mprec.o)
                0x000000000800e0a8                __lo0bits
 .text.__i2b    0x000000000800e106       0x12 c:/st/stm32cubeide_1.1.0/stm32cubeide/plugins/com.st.stm32cube.ide.mcu.externaltools.gnu-tools-for-stm32.7-2018-q2-update.win32_1.0.0.201904181610/tools/bin/../lib/gcc/arm-none-eabi/7.3.1/../../../../arm-none-eabi/lib/thumb/v7e-m/fpv4-sp/hard\libc_nano.a(lib_a-mprec.o)
                0x000000000800e106                __i2b
 .text.__multiply
                0x000000000800e118      0x12c c:/st/stm32cubeide_1.1.0/stm32cubeide/plugins/com.st.stm32cube.ide.mcu.externaltools.gnu-tools-for-stm32.7-2018-q2-update.win32_1.0.0.201904181610/tools/bin/../lib/gcc/arm-none-eabi/7.3.1/../../../../arm-none-eabi/lib/thumb/v7e-m/fpv4-sp/hard\libc_nano.a(lib_a-mprec.o)
                0x000000000800e118                __multiply
 .text.__pow5mult
                0x000000000800e244       0x9c c:/st/stm32cubeide_1.1.0/stm32cubeide/plugins/com.st.stm32cube.ide.mcu.externaltools.gnu-tools-for-stm32.7-2018-q2-update.win32_1.0.0.201904181610/tools/bin/../lib/gcc/arm-none-eabi/7.3.1/../../../../arm-none-eabi/lib/thumb/v7e-m/fpv4-sp/hard\libc_nano.a(lib_a-mprec.o)
                0x000000000800e244                __pow5mult
 .text.__lshift
                0x000000000800e2e0       0xa8 c:/st/stm32cubeide_1.1.0/stm32cubeide/plugins/com.st.stm32cube.ide.mcu.externaltools.gnu-tools-for-stm32.7-2018-q2-update.win32_1.0.0.201904181610/tools/bin/../lib/gcc/arm-none-eabi/7.3.1/../../../../arm-none-eabi/lib/thumb/v7e-m/fpv4-sp/hard\libc_nano.a(lib_a-mprec.o)
                0x000000000800e2e0                __lshift
 .text.__mcmp   0x000000000800e388       0x34 c:/st/stm32cubeide_1.1.0/stm32cubeide/plugins/com.st.stm32cube.ide.mcu.externaltools.gnu-tools-for-stm32.7-2018-q2-update.win32_1.0.0.201904181610/tools/bin/../lib/gcc/arm-none-eabi/7.3.1/../../../../arm-none-eabi/lib/thumb/v7e-m/fpv4-sp/hard\libc_nano.a(lib_a-mprec.o)
                0x000000000800e388                __mcmp
 .text.__mdiff  0x000000000800e3bc       0xba c:/st/stm32cubeide_1.1.0/stm32cubeide/plugins/com.st.stm32cube.ide.mcu.externaltools.gnu-tools-for-stm32.7-2018-q2-update.win32_1.0.0.201904181610/tools/bin/../lib/gcc/arm-none-eabi/7.3.1/../../../../arm-none-eabi/lib/thumb/v7e-m/fpv4-sp/hard\libc_nano.a(lib_a-mprec.o)
                0x000000000800e3bc                __mdiff
 .text.__d2b    0x000000000800e476       0x9e c:/st/stm32cubeide_1.1.0/stm32cubeide/plugins/com.st.stm32cube.ide.mcu.externaltools.gnu-tools-for-stm32.7-2018-q2-update.win32_1.0.0.201904181610/tools/bin/../lib/gcc/arm-none-eabi/7.3.1/../../../../arm-none-eabi/lib/thumb/v7e-m/fpv4-sp/hard\libc_nano.a(lib_a-mprec.o)
                0x000000000800e476                __d2b
 .text._calloc_r
                0x000000000800e514       0x1c c:/st/stm32cubeide_1.1.0/stm32cubeide/plugins/com.st.stm32cube.ide.mcu.externaltools.gnu-tools-for-stm32.7-2018-q2-update.win32_1.0.0.201904181610/tools/bin/../lib/gcc/arm-none-eabi/7.3.1/../../../../arm-none-eabi/lib/thumb/v7e-m/fpv4-sp/hard\libc_nano.a(lib_a-nano-callocr.o)
                0x000000000800e514                _calloc_r
 .text._free_r  0x000000000800e530       0x9c c:/st/stm32cubeide_1.1.0/stm32cubeide/plugins/com.st.stm32cube.ide.mcu.externaltools.gnu-tools-for-stm32.7-2018-q2-update.win32_1.0.0.201904181610/tools/bin/../lib/gcc/arm-none-eabi/7.3.1/../../../../arm-none-eabi/lib/thumb/v7e-m/fpv4-sp/hard\libc_nano.a(lib_a-nano-freer.o)
                0x000000000800e530                _free_r
 .text._malloc_r
                0x000000000800e5cc       0xb4 c:/st/stm32cubeide_1.1.0/stm32cubeide/plugins/com.st.stm32cube.ide.mcu.externaltools.gnu-tools-for-stm32.7-2018-q2-update.win32_1.0.0.201904181610/tools/bin/../lib/gcc/arm-none-eabi/7.3.1/../../../../arm-none-eabi/lib/thumb/v7e-m/fpv4-sp/hard\libc_nano.a(lib_a-nano-mallocr.o)
                0x000000000800e5cc                _malloc_r
 .text.__sfputc_r
                0x000000000800e680       0x2e c:/st/stm32cubeide_1.1.0/stm32cubeide/plugins/com.st.stm32cube.ide.mcu.externaltools.gnu-tools-for-stm32.7-2018-q2-update.win32_1.0.0.201904181610/tools/bin/../lib/gcc/arm-none-eabi/7.3.1/../../../../arm-none-eabi/lib/thumb/v7e-m/fpv4-sp/hard\libc_nano.a(lib_a-nano-vfprintf.o)
 .text.__sfputs_r
                0x000000000800e6ae       0x24 c:/st/stm32cubeide_1.1.0/stm32cubeide/plugins/com.st.stm32cube.ide.mcu.externaltools.gnu-tools-for-stm32.7-2018-q2-update.win32_1.0.0.201904181610/tools/bin/../lib/gcc/arm-none-eabi/7.3.1/../../../../arm-none-eabi/lib/thumb/v7e-m/fpv4-sp/hard\libc_nano.a(lib_a-nano-vfprintf.o)
                0x000000000800e6ae                __sfputs_r
 *fill*         0x000000000800e6d2        0x2 
 .text._vfprintf_r
                0x000000000800e6d4      0x22c c:/st/stm32cubeide_1.1.0/stm32cubeide/plugins/com.st.stm32cube.ide.mcu.externaltools.gnu-tools-for-stm32.7-2018-q2-update.win32_1.0.0.201904181610/tools/bin/../lib/gcc/arm-none-eabi/7.3.1/../../../../arm-none-eabi/lib/thumb/v7e-m/fpv4-sp/hard\libc_nano.a(lib_a-nano-vfprintf.o)
                0x000000000800e6d4                _vfprintf_r
                0x000000000800e6d4                _vfiprintf_r
 .text._sbrk_r  0x000000000800e900       0x20 c:/st/stm32cubeide_1.1.0/stm32cubeide/plugins/com.st.stm32cube.ide.mcu.externaltools.gnu-tools-for-stm32.7-2018-q2-update.win32_1.0.0.201904181610/tools/bin/../lib/gcc/arm-none-eabi/7.3.1/../../../../arm-none-eabi/lib/thumb/v7e-m/fpv4-sp/hard\libc_nano.a(lib_a-sbrkr.o)
                0x000000000800e900                _sbrk_r
 .text.__sread  0x000000000800e920       0x22 c:/st/stm32cubeide_1.1.0/stm32cubeide/plugins/com.st.stm32cube.ide.mcu.externaltools.gnu-tools-for-stm32.7-2018-q2-update.win32_1.0.0.201904181610/tools/bin/../lib/gcc/arm-none-eabi/7.3.1/../../../../arm-none-eabi/lib/thumb/v7e-m/fpv4-sp/hard\libc_nano.a(lib_a-stdio.o)
                0x000000000800e920                __sread
 .text.__swrite
                0x000000000800e942       0x38 c:/st/stm32cubeide_1.1.0/stm32cubeide/plugins/com.st.stm32cube.ide.mcu.externaltools.gnu-tools-for-stm32.7-2018-q2-update.win32_1.0.0.201904181610/tools/bin/../lib/gcc/arm-none-eabi/7.3.1/../../../../arm-none-eabi/lib/thumb/v7e-m/fpv4-sp/hard\libc_nano.a(lib_a-stdio.o)
                0x000000000800e942                __swrite
 .text.__sseek  0x000000000800e97a       0x24 c:/st/stm32cubeide_1.1.0/stm32cubeide/plugins/com.st.stm32cube.ide.mcu.externaltools.gnu-tools-for-stm32.7-2018-q2-update.win32_1.0.0.201904181610/tools/bin/../lib/gcc/arm-none-eabi/7.3.1/../../../../arm-none-eabi/lib/thumb/v7e-m/fpv4-sp/hard\libc_nano.a(lib_a-stdio.o)
                0x000000000800e97a                __sseek
 .text.__sclose
                0x000000000800e99e        0x8 c:/st/stm32cubeide_1.1.0/stm32cubeide/plugins/com.st.stm32cube.ide.mcu.externaltools.gnu-tools-for-stm32.7-2018-q2-update.win32_1.0.0.201904181610/tools/bin/../lib/gcc/arm-none-eabi/7.3.1/../../../../arm-none-eabi/lib/thumb/v7e-m/fpv4-sp/hard\libc_nano.a(lib_a-stdio.o)
                0x000000000800e99e                __sclose
 *fill*         0x000000000800e9a6        0x2 
 .text._write_r
                0x000000000800e9a8       0x24 c:/st/stm32cubeide_1.1.0/stm32cubeide/plugins/com.st.stm32cube.ide.mcu.externaltools.gnu-tools-for-stm32.7-2018-q2-update.win32_1.0.0.201904181610/tools/bin/../lib/gcc/arm-none-eabi/7.3.1/../../../../arm-none-eabi/lib/thumb/v7e-m/fpv4-sp/hard\libc_nano.a(lib_a-writer.o)
                0x000000000800e9a8                _write_r
 .text._close_r
                0x000000000800e9cc       0x20 c:/st/stm32cubeide_1.1.0/stm32cubeide/plugins/com.st.stm32cube.ide.mcu.externaltools.gnu-tools-for-stm32.7-2018-q2-update.win32_1.0.0.201904181610/tools/bin/../lib/gcc/arm-none-eabi/7.3.1/../../../../arm-none-eabi/lib/thumb/v7e-m/fpv4-sp/hard\libc_nano.a(lib_a-closer.o)
                0x000000000800e9cc                _close_r
 .text._fstat_r
                0x000000000800e9ec       0x24 c:/st/stm32cubeide_1.1.0/stm32cubeide/plugins/com.st.stm32cube.ide.mcu.externaltools.gnu-tools-for-stm32.7-2018-q2-update.win32_1.0.0.201904181610/tools/bin/../lib/gcc/arm-none-eabi/7.3.1/../../../../arm-none-eabi/lib/thumb/v7e-m/fpv4-sp/hard\libc_nano.a(lib_a-fstatr.o)
                0x000000000800e9ec                _fstat_r
 .text._isatty_r
                0x000000000800ea10       0x20 c:/st/stm32cubeide_1.1.0/stm32cubeide/plugins/com.st.stm32cube.ide.mcu.externaltools.gnu-tools-for-stm32.7-2018-q2-update.win32_1.0.0.201904181610/tools/bin/../lib/gcc/arm-none-eabi/7.3.1/../../../../arm-none-eabi/lib/thumb/v7e-m/fpv4-sp/hard\libc_nano.a(lib_a-isattyr.o)
                0x000000000800ea10                _isatty_r
 .text._lseek_r
                0x000000000800ea30       0x24 c:/st/stm32cubeide_1.1.0/stm32cubeide/plugins/com.st.stm32cube.ide.mcu.externaltools.gnu-tools-for-stm32.7-2018-q2-update.win32_1.0.0.201904181610/tools/bin/../lib/gcc/arm-none-eabi/7.3.1/../../../../arm-none-eabi/lib/thumb/v7e-m/fpv4-sp/hard\libc_nano.a(lib_a-lseekr.o)
                0x000000000800ea30                _lseek_r
 .text.__ascii_mbtowc
                0x000000000800ea54       0x24 c:/st/stm32cubeide_1.1.0/stm32cubeide/plugins/com.st.stm32cube.ide.mcu.externaltools.gnu-tools-for-stm32.7-2018-q2-update.win32_1.0.0.201904181610/tools/bin/../lib/gcc/arm-none-eabi/7.3.1/../../../../arm-none-eabi/lib/thumb/v7e-m/fpv4-sp/hard\libc_nano.a(lib_a-mbtowc_r.o)
                0x000000000800ea54                __ascii_mbtowc
 .text.__malloc_lock
                0x000000000800ea78        0x2 c:/st/stm32cubeide_1.1.0/stm32cubeide/plugins/com.st.stm32cube.ide.mcu.externaltools.gnu-tools-for-stm32.7-2018-q2-update.win32_1.0.0.201904181610/tools/bin/../lib/gcc/arm-none-eabi/7.3.1/../../../../arm-none-eabi/lib/thumb/v7e-m/fpv4-sp/hard\libc_nano.a(lib_a-mlock.o)
                0x000000000800ea78                __malloc_lock
 .text.__malloc_unlock
                0x000000000800ea7a        0x2 c:/st/stm32cubeide_1.1.0/stm32cubeide/plugins/com.st.stm32cube.ide.mcu.externaltools.gnu-tools-for-stm32.7-2018-q2-update.win32_1.0.0.201904181610/tools/bin/../lib/gcc/arm-none-eabi/7.3.1/../../../../arm-none-eabi/lib/thumb/v7e-m/fpv4-sp/hard\libc_nano.a(lib_a-mlock.o)
                0x000000000800ea7a                __malloc_unlock
 .text._read_r  0x000000000800ea7c       0x24 c:/st/stm32cubeide_1.1.0/stm32cubeide/plugins/com.st.stm32cube.ide.mcu.externaltools.gnu-tools-for-stm32.7-2018-q2-update.win32_1.0.0.201904181610/tools/bin/../lib/gcc/arm-none-eabi/7.3.1/../../../../arm-none-eabi/lib/thumb/v7e-m/fpv4-sp/hard\libc_nano.a(lib_a-readr.o)
                0x000000000800ea7c                _read_r
 .text.__ascii_wctomb
                0x000000000800eaa0       0x1a c:/st/stm32cubeide_1.1.0/stm32cubeide/plugins/com.st.stm32cube.ide.mcu.externaltools.gnu-tools-for-stm32.7-2018-q2-update.win32_1.0.0.201904181610/tools/bin/../lib/gcc/arm-none-eabi/7.3.1/../../../../arm-none-eabi/lib/thumb/v7e-m/fpv4-sp/hard\libc_nano.a(lib_a-wctomb_r.o)
                0x000000000800eaa0                __ascii_wctomb
 *fill*         0x000000000800eaba        0x2 
 .text.asinf    0x000000000800eabc       0xb0 c:/st/stm32cubeide_1.1.0/stm32cubeide/plugins/com.st.stm32cube.ide.mcu.externaltools.gnu-tools-for-stm32.7-2018-q2-update.win32_1.0.0.201904181610/tools/bin/../lib/gcc/arm-none-eabi/7.3.1/../../../../arm-none-eabi/lib/thumb/v7e-m/fpv4-sp/hard\libm.a(lib_a-wf_asin.o)
                0x000000000800eabc                asinf
 .text.atan2f   0x000000000800eb6c        0x4 c:/st/stm32cubeide_1.1.0/stm32cubeide/plugins/com.st.stm32cube.ide.mcu.externaltools.gnu-tools-for-stm32.7-2018-q2-update.win32_1.0.0.201904181610/tools/bin/../lib/gcc/arm-none-eabi/7.3.1/../../../../arm-none-eabi/lib/thumb/v7e-m/fpv4-sp/hard\libm.a(lib_a-wf_atan2.o)
                0x000000000800eb6c                atan2f
 .text.powf     0x000000000800eb70      0x2c8 c:/st/stm32cubeide_1.1.0/stm32cubeide/plugins/com.st.stm32cube.ide.mcu.externaltools.gnu-tools-for-stm32.7-2018-q2-update.win32_1.0.0.201904181610/tools/bin/../lib/gcc/arm-none-eabi/7.3.1/../../../../arm-none-eabi/lib/thumb/v7e-m/fpv4-sp/hard\libm.a(lib_a-wf_pow.o)
                0x000000000800eb70                powf
 .text.__ieee754_asinf
                0x000000000800ee38      0x1d0 c:/st/stm32cubeide_1.1.0/stm32cubeide/plugins/com.st.stm32cube.ide.mcu.externaltools.gnu-tools-for-stm32.7-2018-q2-update.win32_1.0.0.201904181610/tools/bin/../lib/gcc/arm-none-eabi/7.3.1/../../../../arm-none-eabi/lib/thumb/v7e-m/fpv4-sp/hard\libm.a(lib_a-ef_asin.o)
                0x000000000800ee38                __ieee754_asinf
 .text.__ieee754_atan2f
                0x000000000800f008      0x15c c:/st/stm32cubeide_1.1.0/stm32cubeide/plugins/com.st.stm32cube.ide.mcu.externaltools.gnu-tools-for-stm32.7-2018-q2-update.win32_1.0.0.201904181610/tools/bin/../lib/gcc/arm-none-eabi/7.3.1/../../../../arm-none-eabi/lib/thumb/v7e-m/fpv4-sp/hard\libm.a(lib_a-ef_atan2.o)
                0x000000000800f008                __ieee754_atan2f
 .text.__ieee754_powf
                0x000000000800f164      0x580 c:/st/stm32cubeide_1.1.0/stm32cubeide/plugins/com.st.stm32cube.ide.mcu.externaltools.gnu-tools-for-stm32.7-2018-q2-update.win32_1.0.0.201904181610/tools/bin/../lib/gcc/arm-none-eabi/7.3.1/../../../../arm-none-eabi/lib/thumb/v7e-m/fpv4-sp/hard\libm.a(lib_a-ef_pow.o)
                0x000000000800f164                __ieee754_powf
 .text.__ieee754_sqrtf
                0x000000000800f6e4        0x6 c:/st/stm32cubeide_1.1.0/stm32cubeide/plugins/com.st.stm32cube.ide.mcu.externaltools.gnu-tools-for-stm32.7-2018-q2-update.win32_1.0.0.201904181610/tools/bin/../lib/gcc/arm-none-eabi/7.3.1/../../../../arm-none-eabi/lib/thumb/v7e-m/fpv4-sp/hard\libm.a(lib_a-ef_sqrt.o)
                0x000000000800f6e4                __ieee754_sqrtf
 .text.matherr  0x000000000800f6ea        0x4 c:/st/stm32cubeide_1.1.0/stm32cubeide/plugins/com.st.stm32cube.ide.mcu.externaltools.gnu-tools-for-stm32.7-2018-q2-update.win32_1.0.0.201904181610/tools/bin/../lib/gcc/arm-none-eabi/7.3.1/../../../../arm-none-eabi/lib/thumb/v7e-m/fpv4-sp/hard\libm.a(lib_a-s_matherr.o)
                0x000000000800f6ea                matherr
 *fill*         0x000000000800f6ee        0x2 
 .text.nan      0x000000000800f6f0       0x10 c:/st/stm32cubeide_1.1.0/stm32cubeide/plugins/com.st.stm32cube.ide.mcu.externaltools.gnu-tools-for-stm32.7-2018-q2-update.win32_1.0.0.201904181610/tools/bin/../lib/gcc/arm-none-eabi/7.3.1/../../../../arm-none-eabi/lib/thumb/v7e-m/fpv4-sp/hard\libm.a(lib_a-s_nan.o)
                0x000000000800f6f0                nan
 .text.atanf    0x000000000800f700      0x1a8 c:/st/stm32cubeide_1.1.0/stm32cubeide/plugins/com.st.stm32cube.ide.mcu.externaltools.gnu-tools-for-stm32.7-2018-q2-update.win32_1.0.0.201904181610/tools/bin/../lib/gcc/arm-none-eabi/7.3.1/../../../../arm-none-eabi/lib/thumb/v7e-m/fpv4-sp/hard\libm.a(lib_a-sf_atan.o)
                0x000000000800f700                atanf
 .text.fabsf    0x000000000800f8a8        0xe c:/st/stm32cubeide_1.1.0/stm32cubeide/plugins/com.st.stm32cube.ide.mcu.externaltools.gnu-tools-for-stm32.7-2018-q2-update.win32_1.0.0.201904181610/tools/bin/../lib/gcc/arm-none-eabi/7.3.1/../../../../arm-none-eabi/lib/thumb/v7e-m/fpv4-sp/hard\libm.a(lib_a-sf_fabs.o)
                0x000000000800f8a8                fabsf
 .text.finitef  0x000000000800f8b6       0x14 c:/st/stm32cubeide_1.1.0/stm32cubeide/plugins/com.st.stm32cube.ide.mcu.externaltools.gnu-tools-for-stm32.7-2018-q2-update.win32_1.0.0.201904181610/tools/bin/../lib/gcc/arm-none-eabi/7.3.1/../../../../arm-none-eabi/lib/thumb/v7e-m/fpv4-sp/hard\libm.a(lib_a-sf_finite.o)
                0x000000000800f8b6                finitef
 *fill*         0x000000000800f8ca        0x2 
 .text.nanf     0x000000000800f8cc        0xc c:/st/stm32cubeide_1.1.0/stm32cubeide/plugins/com.st.stm32cube.ide.mcu.externaltools.gnu-tools-for-stm32.7-2018-q2-update.win32_1.0.0.201904181610/tools/bin/../lib/gcc/arm-none-eabi/7.3.1/../../../../arm-none-eabi/lib/thumb/v7e-m/fpv4-sp/hard\libm.a(lib_a-sf_nan.o)
                0x000000000800f8cc                nanf
 .text.rintf    0x000000000800f8d8       0xb4 c:/st/stm32cubeide_1.1.0/stm32cubeide/plugins/com.st.stm32cube.ide.mcu.externaltools.gnu-tools-for-stm32.7-2018-q2-update.win32_1.0.0.201904181610/tools/bin/../lib/gcc/arm-none-eabi/7.3.1/../../../../arm-none-eabi/lib/thumb/v7e-m/fpv4-sp/hard\libm.a(lib_a-sf_rint.o)
                0x000000000800f8d8                rintf
 .text.scalbnf  0x000000000800f98c       0xc0 c:/st/stm32cubeide_1.1.0/stm32cubeide/plugins/com.st.stm32cube.ide.mcu.externaltools.gnu-tools-for-stm32.7-2018-q2-update.win32_1.0.0.201904181610/tools/bin/../lib/gcc/arm-none-eabi/7.3.1/../../../../arm-none-eabi/lib/thumb/v7e-m/fpv4-sp/hard\libm.a(lib_a-sf_scalbn.o)
                0x000000000800f98c                scalbnf
 .text.copysignf
                0x000000000800fa4c       0x18 c:/st/stm32cubeide_1.1.0/stm32cubeide/plugins/com.st.stm32cube.ide.mcu.externaltools.gnu-tools-for-stm32.7-2018-q2-update.win32_1.0.0.201904181610/tools/bin/../lib/gcc/arm-none-eabi/7.3.1/../../../../arm-none-eabi/lib/thumb/v7e-m/fpv4-sp/hard\libm.a(lib_a-sf_copysign.o)
                0x000000000800fa4c                copysignf
 *(.glue_7)
 .glue_7        0x000000000800fa64        0x0 linker stubs
 *(.glue_7t)
 .glue_7t       0x000000000800fa64        0x0 linker stubs
 *(.eh_frame)
 .eh_frame      0x000000000800fa64        0x0 c:/st/stm32cubeide_1.1.0/stm32cubeide/plugins/com.st.stm32cube.ide.mcu.externaltools.gnu-tools-for-stm32.7-2018-q2-update.win32_1.0.0.201904181610/tools/bin/../lib/gcc/arm-none-eabi/7.3.1/thumb/v7e-m/fpv4-sp/hard/crtbegin.o
 *(.init)
 .init          0x000000000800fa64        0x4 c:/st/stm32cubeide_1.1.0/stm32cubeide/plugins/com.st.stm32cube.ide.mcu.externaltools.gnu-tools-for-stm32.7-2018-q2-update.win32_1.0.0.201904181610/tools/bin/../lib/gcc/arm-none-eabi/7.3.1/thumb/v7e-m/fpv4-sp/hard/crti.o
                0x000000000800fa64                _init
 .init          0x000000000800fa68        0x8 c:/st/stm32cubeide_1.1.0/stm32cubeide/plugins/com.st.stm32cube.ide.mcu.externaltools.gnu-tools-for-stm32.7-2018-q2-update.win32_1.0.0.201904181610/tools/bin/../lib/gcc/arm-none-eabi/7.3.1/thumb/v7e-m/fpv4-sp/hard/crtn.o
 *(.fini)
 .fini          0x000000000800fa70        0x4 c:/st/stm32cubeide_1.1.0/stm32cubeide/plugins/com.st.stm32cube.ide.mcu.externaltools.gnu-tools-for-stm32.7-2018-q2-update.win32_1.0.0.201904181610/tools/bin/../lib/gcc/arm-none-eabi/7.3.1/thumb/v7e-m/fpv4-sp/hard/crti.o
                0x000000000800fa70                _fini
 .fini          0x000000000800fa74        0x8 c:/st/stm32cubeide_1.1.0/stm32cubeide/plugins/com.st.stm32cube.ide.mcu.externaltools.gnu-tools-for-stm32.7-2018-q2-update.win32_1.0.0.201904181610/tools/bin/../lib/gcc/arm-none-eabi/7.3.1/thumb/v7e-m/fpv4-sp/hard/crtn.o
                0x000000000800fa7c                . = ALIGN (0x4)