core_cm4.h:1676:26:__NVIC_GetPriorityGrouping	4	static
core_cm4.h:1688:22:__NVIC_EnableIRQ	16	static
core_cm4.h:1816:22:__NVIC_SetPriority	16	static
core_cm4.h:1863:26:NVIC_EncodePriority	40	static
stm32f4xx_ll_usart.h:409:22:LL_USART_Enable	16	static
stm32f4xx_ll_usart.h:1478:22:LL_USART_ConfigAsyncMode	16	static
stm32f4xx_ll_bus.h:411:22:LL_AHB1_GRP1_EnableClock	24	static
stm32f4xx_ll_bus.h:1187:22:LL_APB1_GRP1_EnableClock	24	static
stm32f4xx_ll_bus.h:1706:22:LL_APB2_GRP1_EnableClock	24	static
usart.c:30:6:MX_UART4_Init	64	static
usart.c:69:6:MX_UART5_Init	64	static
usart.c:118:6:MX_USART1_UART_Init	8	static
usart.c:137:6:MX_USART6_UART_Init	64	static
usart.c:176:6:HAL_UART_MspInit	48	static
usart.c:209:6:HAL_UART_MspDeInit	16	static
